Archive member included to satisfy reference by file (symbol)

/opt/devkitpro/libnds/lib/libmm9.a(mm_comms9.o)
                              sound_manage.o (mmEffectEx)
/opt/devkitpro/libnds/lib/libmm9.a(mm_loader.o)
                              sound_manage.o (mmInitDefaultMem)
/opt/devkitpro/libnds/lib/libnds9.a(background.o)
                              main.o (bgState)
/opt/devkitpro/libnds/lib/libnds9.a(console.o)
                              main.o (consoleInit)
/opt/devkitpro/libnds/lib/libnds9.a(keys.o)
                              game_scene.o (scanKeys)
/opt/devkitpro/libnds/lib/libnds9.a(sound.o)
                              game_scene.o (soundPlaySample)
/opt/devkitpro/libnds/lib/libnds9.a(sprite.o)
                              main.o (oamInit)
/opt/devkitpro/libnds/lib/libnds9.a(trig.o)
                              gameobject.o (sinLerp)
/opt/devkitpro/libnds/lib/libnds9.a(videoGL_base.o)
                              bubble.o (glMaterialf)
/opt/devkitpro/libnds/lib/libnds9.a(videoGL.o)
                              bubble.o (glGenTextures)
/opt/devkitpro/libnds/lib/libnds9.a(default_font.bin.o)
                              /opt/devkitpro/libnds/lib/libnds9.a(console.o) (default_font_bin)
/opt/devkitpro/libnds/lib/libnds9.a(dynamicArray.o)
                              /opt/devkitpro/libnds/lib/libnds9.a(videoGL.o) (DynamicArrayInit)
/opt/devkitpro/libnds/lib/libnds9.a(sprite_alloc.o)
                              /opt/devkitpro/libnds/lib/libnds9.a(sprite.o) (oamAllocReset)
/opt/devkitpro/libnds/lib/libnds9.a(system.o)
                              /opt/devkitpro/libnds/lib/libnds9.a(videoGL_base.o) (powerOn)
/opt/devkitpro/libnds/lib/libnds9.a(video.o)
                              /opt/devkitpro/libnds/lib/libnds9.a(videoGL.o) (vramSetBanks_EFG)
/opt/devkitpro/calico/lib/libcalico_ds9.a(tick.o)
                              /opt/devkitpro/libnds/lib/libmm9.a(mm_comms9.o) (tickInit)
/opt/devkitpro/calico/lib/libcalico_ds9.a(thread_cold.o)
                              main.o (threadIrqWait)
/opt/devkitpro/calico/lib/libcalico_ds9.a(thread_hot.32.o)
                              /opt/devkitpro/calico/lib/libcalico_ds9.a(thread_cold.o) (__sched_state)
/opt/devkitpro/calico/lib/libcalico_ds9.a(arm-copy-fill.32.o)
                              /opt/devkitpro/calico/lib/libcalico_ds9.a(thread_cold.o) (armCopyMem32)
/opt/devkitpro/calico/lib/libcalico_ds9.a(arm-context.32.o)
                              /opt/devkitpro/calico/lib/libcalico_ds9.a(thread_cold.o) (armContextSave)
/opt/devkitpro/calico/lib/libcalico_ds9.a(arm-shims.32.o)
                              /opt/devkitpro/calico/lib/libcalico_ds9.a(thread_cold.o) (armWaitForIrq)
/opt/devkitpro/calico/lib/libcalico_ds9.a(arm-cache.32.o)
                              /opt/devkitpro/libnds/lib/libmm9.a(mm_loader.o) (armDCacheFlush)
/opt/devkitpro/calico/lib/libcalico_ds9.a(bios.o)
                              /opt/devkitpro/libnds/lib/libnds9.a(videoGL.o) (svcCpuSet)
/opt/devkitpro/calico/lib/libcalico_ds9.a(pxi.o)
                              /opt/devkitpro/libnds/lib/libmm9.a(mm_comms9.o) (pxiSetHandler)
/opt/devkitpro/calico/lib/libcalico_ds9.a(keypad.o)
                              /opt/devkitpro/libnds/lib/libnds9.a(keys.o) (keypadGetState)
/opt/devkitpro/calico/lib/libcalico_ds9.a(pm.o)
                              main.o (pmMainLoop)
/opt/devkitpro/calico/lib/libcalico_ds9.a(bootstub_arm9.o)
                              (__ds9_bootstub)
/opt/devkitpro/calico/lib/libcalico_ds9.a(excpt_handler.32.o)
                              /opt/devkitpro/calico/lib/libcalico_ds9.a(bootstub_arm9.o) (__arm_excpt_rst)
/opt/devkitpro/calico/lib/libcalico_ds9.a(pm_arm9.o)
                              /opt/devkitpro/libnds/lib/libnds9.a(sound.o) (pmMicSetAmp)
/opt/devkitpro/calico/lib/libcalico_ds9.a(touch.o)
                              game_scene.o (touchRead)
/opt/devkitpro/calico/lib/libcalico_ds9.a(sound.o)
                              /opt/devkitpro/libnds/lib/libmm9.a(mm_comms9.o) (soundInit)
/opt/devkitpro/calico/lib/libcalico_ds9.a(mic.o)
                              /opt/devkitpro/libnds/lib/libnds9.a(sound.o) (micInit)
/opt/devkitpro/calico/lib/libcalico_ds9.a(irq.o)
                              /opt/devkitpro/calico/lib/libcalico_ds9.a(tick.o) (irqSet)
/opt/devkitpro/calico/lib/libcalico_ds9.a(mutex.o)
                              /opt/devkitpro/calico/lib/libcalico_ds9.a(pxi.o) (mutexLock)
/opt/devkitpro/calico/lib/libcalico_ds9.a(mailbox.o)
                              /opt/devkitpro/calico/lib/libcalico_ds9.a(pxi.o) (mailboxTrySend)
/opt/devkitpro/calico/lib/libcalico_ds9.a(newlib_syscalls.o)
                              /opt/devkitpro/calico/lib/libcalico_ds9.a(bootstub_arm9.o) (__newlib_syscalls)
/opt/devkitpro/calico/lib/libcalico_ds9.a(startup.crt0.o)
                              /opt/devkitpro/calico/lib/libcalico_ds9.a(bootstub_arm9.o) (crt0Startup)
/opt/devkitpro/calico/lib/libcalico_ds9.a(utils.crt0.o)
[...]
Memory Configuration

Name             Origin             Length             Attributes
lma9             0x02004000         0x0027c000
lma9i            0x02400000         0x00280000
vectors          0x00000000         0x00000020
itcm             0x01ff8020         0x00007fe0
main             0x02001000         0x00f7f000
dtcm             0x02ff0000         0x00003e80
dldi             0x0380b000         0x00004000
stub             0x0e000000         0x00004000
tls              0x00000000         0x00000400
*default*        0x00000000         0xffffffff

Linker script and memory map

                0x0200b810                        __sync_synchronize = __sync_synchronize_none
LOAD /opt/devkitpro/devkitARM/bin/../lib/gcc/arm-none-eabi/14.2.0/crti.o
LOAD /opt/devkitpro/devkitARM/bin/../lib/gcc/arm-none-eabi/14.2.0/crtbegin.o
LOAD anya.o
LOAD bubble_tex.o
LOAD eye.o
LOAD opao2.o
LOAD sub_bg.o
LOAD bubble_tex.pcx.o
LOAD soundbank.bin.o
LOAD bubble.o
LOAD game_scene.o
LOAD gameobject.o
LOAD main.o
LOAD milk.o
LOAD sound_manage.o
LOAD /opt/devkitpro/libnds/lib/libmm9.a
LOAD /opt/devkitpro/libnds/lib/libnds9.a
LOAD /opt/devkitpro/calico/lib/libcalico_ds9.a
LOAD /opt/devkitpro/devkitARM/bin/../lib/gcc/arm-none-eabi/14.2.0/../../../../arm-none-eabi/lib/libstdc++.a
LOAD /opt/devkitpro/devkitARM/bin/../lib/gcc/arm-none-eabi/14.2.0/../../../../arm-none-eabi/lib/libm.a
START GROUP
LOAD /opt/devkitpro/devkitARM/bin/../lib/gcc/arm-none-eabi/14.2.0/libgcc.a
LOAD /opt/devkitpro/devkitARM/bin/../lib/gcc/arm-none-eabi/14.2.0/../../../../arm-none-eabi/lib/libg.a
LOAD /opt/devkitpro/devkitARM/bin/../lib/gcc/arm-none-eabi/14.2.0/../../../../arm-none-eabi/lib/libc.a
LOAD /opt/devkitpro/devkitARM/bin/../lib/gcc/arm-none-eabi/14.2.0/../../../../arm-none-eabi/lib/libsysbase.a
END GROUP
LOAD /opt/devkitpro/devkitARM/bin/../lib/gcc/arm-none-eabi/14.2.0/crtend.o
LOAD /opt/devkitpro/devkitARM/bin/../lib/gcc/arm-none-eabi/14.2.0/crtn.o
                0x02ff3e80                        PROVIDE (__sp_usr = (ORIGIN (dtcm) + LENGTH (dtcm)))
                0x02ff3f80                        PROVIDE (__sp_irq = (__sp_usr + 0x100))
                0x02ff3fc0                        PROVIDE (__sp_svc = (__sp_irq + 0x40))
                0x02ff3ff8                        PROVIDE (__irq_flags = (__sp_svc + 0x38))
                [!provide]                        PROVIDE (__irq_vector = (__sp_svc + 0x3c))
                [!provide]                        PROVIDE (__arm_excpt_rst = 0xffff0000)
                [!provide]                        PROVIDE (__arm_excpt_und = 0xffff0004)
                0xffff0008                        PROVIDE (__arm_excpt_svc = 0xffff0008)
                [!provide]                        PROVIDE (__arm_excpt_pabt = 0xffff000c)
                [!provide]                        PROVIDE (__arm_excpt_dabt = 0xffff0010)
                [!provide]                        PROVIDE (__arm_excpt_irq = 0xffff0018)
                [!provide]                        PROVIDE (__arm_excpt_fiq = 0xffff001c)
                0x00000000                        PROVIDE (__end__ = 0x0)

.secure         0x0e000000      0x800 load address 0x02004000
                0x0e0007fc                        . = (. + 0x7fc)
 *fill*         0x0e000000      0x7fc 00000000
                0x0e0007fc        0x4 LONG 0x0

.bootstub       0x0e000800      0x190 load address 0x02004800
 *(.bootstub .bootstub.*)
 .bootstub.__ds9_bootstub
                0x0e000800      0x190 /opt/devkitpro/calico/lib/libcalico_ds9.a(bootstub_arm9.o)
                0x0e000800                __ds9_bootstub
                0x0e000990                        . = ALIGN (0x4)

.crt0           0x02001000      0x340 load address 0x02004990
 *(.crt0 .crt0.*)
 .crt0.__ds9_bootstub_trampoline
                0x02001000       0x20 /opt/devkitpro/calico/lib/libcalico_ds9.a(bootstub_arm9.o)
 *.crt0.*(.text .stub .text.* .gnu.linkonce.t.*)
 .text.crt0ProcessLoadList
                0x02001020       0x74 /opt/devkitpro/calico/lib/libcalico_ds9.a(startup.crt0.o)
                0x02001020                crt0ProcessLoadList
 .text.crt0Startup
                0x02001094      0x150 /opt/devkitpro/calico/lib/libcalico_ds9.a(startup.crt0.o)
                0x02001094                crt0Startup
 .text.crt0CopyMem32
                0x020011e4       0x4c /opt/devkitpro/calico/lib/libcalico_ds9.a(utils.crt0.o)
                0x020011e4                crt0CopyMem32
 .text.crt0FillMem32
                0x02001230       0x58 /opt/devkitpro/calico/lib/libcalico_ds9.a(utils.crt0.o)
                0x02001230                crt0FillMem32
 .text.crt0SetupMPU
                0x02001288       0xb4 /opt/devkitpro/calico/lib/libcalico_ds9.a(mpu_setup.crt0.o)
                0x02001288                crt0SetupMPU
 *.crt0.*(.glue_7t .glue_7 .vfp11_veneer .v4_bx)
 *.crt0.*(.rodata .rodata.* .gnu.linkonce.r.*)
 *.crt0.*(.rodata1)
                0x02001340                        . = ALIGN (0x20)
 *fill*         0x0200133c        0x4 ff
                0x02004990                        PROVIDE (__crt0_lma = LOADADDR (.crt0))
                0x02001000                        PROVIDE (__crt0_start = ADDR (.crt0))
                0x02001340                        PROVIDE (__crt0_end = (ADDR (.crt0) + SIZEOF (.crt0)))
                0x00000001                        ASSERT (((__crt0_end <= LOADADDR (.bootstub)) || (__crt0_start >= (LOADADDR (.bootstub) + SIZEOF (.bootstub)))), Error: crt0 section overlaps initial bootstrap)

.dldi           0x0380b000        0x0 load address 0x02004cd0
 *(.dldi)
                0x00000000                        PROVIDE (__dldi_lma = SIZEOF (.dldi)?LOADADDR (.dldi):0x0)

.vectors        0x00000000       0x20 load address 0x02004cd0
 *(.vectors)
 .vectors       0x00000000       0x20 /opt/devkitpro/calico/lib/libcalico_ds9.a(bootstub_arm9.o)

.itcm           0x01ff8020      0x768 load address 0x02004cf0
 *(.itcm .itcm.*)
 .itcm          0x01ff8020       0x30 /opt/devkitpro/calico/lib/libcalico_ds9.a(bootstub_arm9.o)
                0x01ff8038                __excpt_vectors
 *.itcm.*(.text .stub .text.* .gnu.linkonce.t.*)
 *.32.o(.text .stub .text.* .gnu.linkonce.t.*)
 .text.threadReschedule
                0x01ff8050       0x88 /opt/devkitpro/calico/lib/libcalico_ds9.a(thread_hot.32.o)
 .text.threadBlock
                0x01ff80d8       0xd4 /opt/devkitpro/calico/lib/libcalico_ds9.a(thread_hot.32.o)
                0x01ff80d8                threadBlock
 .text.threadUnblockOneByValue
                0x01ff81ac       0xc0 /opt/devkitpro/calico/lib/libcalico_ds9.a(thread_hot.32.o)
                0x01ff81ac                threadUnblockOneByValue
 .text.threadUnblockAllByValue
                0x01ff826c      0x144 /opt/devkitpro/calico/lib/libcalico_ds9.a(thread_hot.32.o)
                0x01ff826c                threadUnblockAllByValue
 .text.threadUnblockAllByMask
                0x01ff83b0      0x134 /opt/devkitpro/calico/lib/libcalico_ds9.a(thread_hot.32.o)
                0x01ff83b0                threadUnblockAllByMask
 .text.armCopyMem32
                0x01ff84e4       0x4c /opt/devkitpro/calico/lib/libcalico_ds9.a(arm-copy-fill.32.o)
                0x01ff84e4                armCopyMem32
 .text.armFillMem32
                0x01ff8530       0x58 /opt/devkitpro/calico/lib/libcalico_ds9.a(arm-copy-fill.32.o)
                0x01ff8530                armFillMem32
 .text.armContextSave
                0x01ff8588       0x2c /opt/devkitpro/calico/lib/libcalico_ds9.a(arm-context.32.o)
                0x01ff8588                armContextSave
 .text.armContextLoad
                0x01ff85b4       0x20 /opt/devkitpro/calico/lib/libcalico_ds9.a(arm-context.32.o)
                0x01ff85b4                armContextLoad
                0x01ff85b8                armContextLoadFromSvc
 .text.armWaitForIrq
                0x01ff85d4        0x8 /opt/devkitpro/calico/lib/libcalico_ds9.a(arm-shims.32.o)
                0x01ff85d4                armWaitForIrq
 .text.armDrainWriteBuffer
                0x01ff85dc        0xc /opt/devkitpro/calico/lib/libcalico_ds9.a(arm-cache.32.o)
                0x01ff85dc                armDrainWriteBuffer
 .text.armDCacheFlushAll
                0x01ff85e8       0x28 /opt/devkitpro/calico/lib/libcalico_ds9.a(arm-cache.32.o)
                0x01ff85e8                armDCacheFlushAll
 .text.armDCacheFlush
                0x01ff8610       0x1c /opt/devkitpro/calico/lib/libcalico_ds9.a(arm-cache.32.o)
                0x01ff8610                armDCacheFlush
 .text.armDCacheInvalidate
                0x01ff862c       0x1c /opt/devkitpro/calico/lib/libcalico_ds9.a(arm-cache.32.o)
                0x01ff862c                armDCacheInvalidate
 .text.armICacheInvalidateAll
                0x01ff8648        0xc /opt/devkitpro/calico/lib/libcalico_ds9.a(arm-cache.32.o)
                0x01ff8648                armICacheInvalidateAll
 .text.__excpt_entry
                0x01ff8654       0x50 /opt/devkitpro/calico/lib/libcalico_ds9.a(excpt_handler.32.o)
                0x01ff8654                __arm_excpt_rst
                0x01ff8658                __arm_excpt_pabt
                0x01ff865c                __arm_excpt_und
                0x01ff8668                __arm_excpt_dabt
 .text.__arm_excpt_irq
                0x01ff86a4       0xe4 /opt/devkitpro/calico/lib/libcalico_ds9.a(irq_handler.32.o)
                0x01ff86a4                __arm_excpt_irq
 *.itcm.*(.glue_7t .glue_7 .vfp11_veneer .v4_bx)
 *.32.o(.glue_7t .glue_7 .vfp11_veneer .v4_bx)
 *.itcm.*(.rodata .rodata.* .gnu.linkonce.r.*)
 *.32.o(.rodata .rodata.* .gnu.linkonce.r.*)
 *.itcm.*(.rodata1)
 *.32.o(.rodata1)
                0x01ff8788                        . = ALIGN (0x4)
                0x02004cd0                        PROVIDE (__itcm_lma = LOADADDR (.vectors))
                0x01ff8000                        PROVIDE (__itcm_start = (ADDR (.itcm) - SIZEOF (.vectors)))
                0x01ff8788                        PROVIDE (__itcm_end = (ADDR (.itcm) + SIZEOF (.itcm)))
                0x00000001                        ASSERT (((__itcm_lma + SIZEOF (.vectors)) == LOADADDR (.itcm)), Error: gap between vectors and itcm)

.dtcm           0x02ff0000        0x0 load address 0x02005458
 *(.dtcm .dtcm.*)
 *.32.o(.data .data.* .gnu.linkonce.d.*)
 *.32.o(.data1)
                0x02ff0000                        . = ALIGN (0x4)
                [!provide]                        PROVIDE (__dtcm_lma = LOADADDR (.dtcm))
                0x02ff0000                        PROVIDE (__dtcm_start = ADDR (.dtcm))
                0x02ff0000                        PROVIDE (__dtcm_end = (ADDR (.dtcm) + SIZEOF (.dtcm)))

.dtcm.bss       0x02ff0000       0x98 load address 0x02005458
 *(.sbss .sbss.*)
 *.32.o(.dynbss)
 *.32.o(.bss .bss.* .gnu.linkonce.b.*)
 .bss.__irq_table
                0x02ff0000       0x80 /opt/devkitpro/calico/lib/libcalico_ds9.a(thread_hot.32.o)
                0x02ff0000                __irq_table
 .bss.__sched_state
                0x02ff0080       0x18 /opt/devkitpro/calico/lib/libcalico_ds9.a(thread_hot.32.o)
                0x02ff0080                __sched_state
 *.32.o(COMMON)
                0x02ff0098                        . = ALIGN (0x4)
                [!provide]                        PROVIDE (__dtcm_bss_start = ADDR (.dtcm.bss))
                0x02ff0098                        PROVIDE (__dtcm_bss_end = (ADDR (.dtcm.bss) + SIZEOF (.dtcm.bss)))

.main           0x02001340   0x2682e4 load address 0x02005458
 *(SORT_NONE(.init))
 .init          0x02001340        0xc /opt/devkitpro/devkitARM/bin/../lib/gcc/arm-none-eabi/14.2.0/crti.o
                0x02001340                _init
 .init          0x0200134c        0xc /opt/devkitpro/devkitARM/bin/../lib/gcc/arm-none-eabi/14.2.0/crtn.o
 EXCLUDE_FILE(*.twl.*) *(.text.unlikely .text.*_unlikely .text.unlikely.*)
 .text.unlikely._ZSt17__throw_bad_allocv
                0x02001358       0x2c /opt/devkitpro/devkitARM/bin/../lib/gcc/arm-none-eabi/14.2.0/../../../../arm-none-eabi/lib/libstdc++.a(functexcept.o)
                0x02001358                std::__throw_bad_alloc()
 .text.unlikely._ZSt28__throw_bad_array_new_lengthv
                0x02001384       0x2c /opt/devkitpro/devkitARM/bin/../lib/gcc/arm-none-eabi/14.2.0/../../../../arm-none-eabi/lib/libstdc++.a(functexcept.o)
                0x02001384                std::__throw_bad_array_new_length()
 .text.unlikely._ZN9__gnu_cxx30__throw_concurrence_lock_errorEv
                0x020013b0       0x2c /opt/devkitpro/devkitARM/bin/../lib/gcc/arm-none-eabi/14.2.0/../../../../arm-none-eabi/lib/libstdc++.a(eh_alloc.o)
                0x020013b0                __gnu_cxx::__throw_concurrence_lock_error()
 .text.unlikely._ZN9__gnu_cxx32__throw_concurrence_unlock_errorEv
                0x020013dc       0x2c /opt/devkitpro/devkitARM/bin/../lib/gcc/arm-none-eabi/14.2.0/../../../../arm-none-eabi/lib/libstdc++.a(eh_alloc.o)
                0x020013dc                __gnu_cxx::__throw_concurrence_unlock_error()
 .text.unlikely._ZSt9terminatev
                0x02001408        0xc /opt/devkitpro/devkitARM/bin/../lib/gcc/arm-none-eabi/14.2.0/../../../../arm-none-eabi/lib/libstdc++.a(eh_terminate.o)
                0x02001408                std::terminate()
 .text.unlikely._ZSt10unexpectedv
                0x02001414        0xc /opt/devkitpro/devkitARM/bin/../lib/gcc/arm-none-eabi/14.2.0/../../../../arm-none-eabi/lib/libstdc++.a(eh_terminate.o)
                0x02001414                std::unexpected()
 .text.unlikely._ZN10__cxxabiv1L24__is_gxx_exception_classEPc
                0x02001420       0x70 /opt/devkitpro/devkitARM/bin/../lib/gcc/arm-none-eabi/14.2.0/../../../../arm-none-eabi/lib/libstdc++.a(eh_call.o)
 .text.unlikely.__cxa_call_terminate
                0x02001490       0x28 /opt/devkitpro/devkitARM/bin/../lib/gcc/arm-none-eabi/14.2.0/../../../../arm-none-eabi/lib/libstdc++.a(eh_call.o)
                0x02001490                __cxa_call_terminate
 .text.unlikely.__cxa_call_unexpected
                0x020014b8      0x140 /opt/devkitpro/devkitARM/bin/../lib/gcc/arm-none-eabi/14.2.0/../../../../arm-none-eabi/lib/libstdc++.a(eh_call.o)
                0x020014b8                __cxa_call_unexpected
 .text.unlikely._ZN9__gnu_cxx35__throw_concurrence_broadcast_errorEv
                0x020015f8       0x2c /opt/devkitpro/devkitARM/bin/../lib/gcc/arm-none-eabi/14.2.0/../../../../arm-none-eabi/lib/libstdc++.a(guard.o)
                0x020015f8                __gnu_cxx::__throw_concurrence_broadcast_error()
 .text.unlikely._Unwind_GetDataRelBase
                0x02001624        0x8 /opt/devkitpro/devkitARM/bin/../lib/gcc/arm-none-eabi/14.2.0/libgcc.a(pr-support.o)
                0x02001624                _Unwind_GetDataRelBase
 .text.unlikely._Unwind_GetTextRelBase
                0x0200162c        0x8 /opt/devkitpro/devkitARM/bin/../lib/gcc/arm-none-eabi/14.2.0/libgcc.a(pr-support.o)
                0x0200162c                _Unwind_GetTextRelBase
 EXCLUDE_FILE(*.twl.*) *(.text.exit .text.exit.*)
 .text.exit._GLOBAL__sub_D_sound_buffer
                0x02001634       0x20 game_scene.o
 .text.exit._GLOBAL__sub_D__ZN17__eh_globals_init7_S_initE
                0x02001654       0x38 /opt/devkitpro/devkitARM/bin/../lib/gcc/arm-none-eabi/14.2.0/../../../../arm-none-eabi/lib/libstdc++.a(eh_globals.o)
 .text.exit     0x0200168c       0x30 /opt/devkitpro/devkitARM/bin/../lib/gcc/arm-none-eabi/14.2.0/../../../../arm-none-eabi/lib/libg.a(libc_a-exit.o)
                0x0200168c                exit
 EXCLUDE_FILE(*.twl.*) *(.text.startup .text.startup.*)
 .text.startup._GLOBAL__sub_I_sound_buffer
                0x020016bc       0x20 game_scene.o
 .text.startup.main
                0x020016dc      0x568 main.o
                0x020016dc                main
 .text.startup._soundEnsureInit
                0x02001c44        0xc /opt/devkitpro/libnds/lib/libnds9.a(sound.o)
 .text.startup._GLOBAL__sub_I__ZN9__gnu_cxx9__freeresEv
                0x02001c50      0x1b8 /opt/devkitpro/devkitARM/bin/../lib/gcc/arm-none-eabi/14.2.0/../../../../arm-none-eabi/lib/libstdc++.a(eh_alloc.o)
 .text.startup._GLOBAL__sub_I__ZN17__eh_globals_init7_S_initE
                0x02001e08       0x44 /opt/devkitpro/devkitARM/bin/../lib/gcc/arm-none-eabi/14.2.0/../../../../arm-none-eabi/lib/libstdc++.a(eh_globals.o)
 .text.startup._GLOBAL__sub_I__ZN10__cxxabiv111__terminateEPFvvE
                0x02001e4c       0x20 /opt/devkitpro/devkitARM/bin/../lib/gcc/arm-none-eabi/14.2.0/../../../../arm-none-eabi/lib/libstdc++.a(eh_terminate.o)
 .text.startup._GLOBAL__sub_I__ZSt7nothrow
                0x02001e6c       0x20 /opt/devkitpro/devkitARM/bin/../lib/gcc/arm-none-eabi/14.2.0/../../../../arm-none-eabi/lib/libstdc++.a(new_handler.o)
 EXCLUDE_FILE(*.twl.*) *(.text.hot .text.hot.*)
 EXCLUDE_FILE(*.twl.*) *(.text .iplt .stub .text.* .gnu.linkonce.t.*)
 .text.__do_global_dtors_aux
                0x02001e8c       0x40 /opt/devkitpro/devkitARM/bin/../lib/gcc/arm-none-eabi/14.2.0/crtbegin.o
 .text.frame_dummy
                0x02001ecc       0x30 /opt/devkitpro/devkitARM/bin/../lib/gcc/arm-none-eabi/14.2.0/crtbegin.o
 .iplt          0x02001efc        0x0 /opt/devkitpro/devkitARM/bin/../lib/gcc/arm-none-eabi/14.2.0/crtbegin.o
 .text._ZN10gameobject4initEv
                0x02001efc        0x4 bubble.o
                0x02001efc                gameobject::init()
 .text._ZN6bubbleD2Ev
                0x02001f00        0x4 bubble.o
                0x02001f00                bubble::~bubble()
                0x02001f00                bubble::~bubble()
 .text._ZN6bubbleD0Ev
                0x02001f04       0x18 bubble.o
                0x02001f04                bubble::~bubble()
 .text._ZN6bubble9on_renderEv
                0x02001f1c      0x124 bubble.o
                0x02001f1c                bubble::on_render()
 .text._ZN6bubble6updateEi
                0x02002040       0x18 bubble.o
                0x02002040                bubble::update(int)
 .text._ZN6bubbleC2Ev
                0x02002058       0xd0 bubble.o
                0x02002058                bubble::bubble()
                0x02002058                bubble::bubble()
 .text._ZN6bubble4blowEv
                0x02002128       0x80 bubble.o
                0x02002128                bubble::blow()
 .text._ZN6bubble8activateEv
                0x020021a8        0xc bubble.o
                0x020021a8                bubble::activate()
 .text._Z10micHandlerPvi
                0x020021b4       0xc8 game_scene.o
                0x020021b4                micHandler(void*, int)
 .text._ZNSt17_Function_handlerIFvsEZN10game_scene6updateEiEUlsE_E10_M_managerERSt9_Any_dataRKS4_St18_Manager_operation
                0x0200227c       0x40 game_scene.o
 .text._ZNSt17_Function_handlerIFvsEZN10game_scene6updateEiEUlsE_E9_M_invokeERKSt9_Any_dataOs
                0x020022bc       0x78 game_scene.o
 .text._ZN10game_scene10spawn_milkEii
                0x02002334      0x314 game_scene.o
                0x02002334                game_scene::spawn_milk(int, int)
 .text._ZN10game_scene12spawn_bubbleEi
                0x02002648      0x2c8 game_scene.o
                0x02002648                game_scene::spawn_bubble(int)
 .text._ZN10game_sceneC2Ev
                0x02002910       0xe0 game_scene.o
                0x02002910                game_scene::game_scene()
                0x02002910                game_scene::game_scene()
 .text._ZN10game_scene8hit_testEv
                0x020029f0      0x12c game_scene.o
                0x020029f0                game_scene::hit_test()
 .text._ZN10game_scene7draw_uiEi
                0x02002b1c       0xdc game_scene.o
                0x02002b1c                game_scene::draw_ui(int)
 .text._ZNSt10_HashtableIP4milkS1_SaIS1_ENSt8__detail9_IdentityESt8equal_toIS1_ESt4hashIS1_ENS3_18_Mod_range_hashingENS3_20_Default_ranged_hashENS3_20_Prime_rehash_policyENS3_17_Hashtable_traitsILb0ELb1ELb1EEEE8_M_eraseEjPNS3_15_Hash_node_baseEPNS3_10_Hash_nodeIS1_Lb0EEE
                0x02002bf8       0xa4 game_scene.o
                0x02002bf8                std::_Hashtable<milk*, milk*, std::allocator<milk*>, std::__detail::_Identity, std::equal_to<milk*>, std::hash<milk*>, std::__detail::_Mod_range_hashing, std::__detail::_Default_ranged_hash, std::__detail::_Prime_rehash_policy, std::__detail::_Hashtable_traits<false, true, true> >::_M_erase(unsigned int, std::__detail::_Hash_node_base*, std::__detail::_Hash_node<milk*, false>*)
 .text._ZNSt10_HashtableIP6bubbleS1_SaIS1_ENSt8__detail9_IdentityESt8equal_toIS1_ESt4hashIS1_ENS3_18_Mod_range_hashingENS3_20_Default_ranged_hashENS3_20_Prime_rehash_policyENS3_17_Hashtable_traitsILb0ELb1ELb1EEEE8_M_eraseEjPNS3_15_Hash_node_baseEPNS3_10_Hash_nodeIS1_Lb0EEE
                0x02002c9c       0xa4 game_scene.o
                0x02002c9c                std::_Hashtable<bubble*, bubble*, std::allocator<bubble*>, std::__detail::_Identity, std::equal_to<bubble*>, std::hash<bubble*>, std::__detail::_Mod_range_hashing, std::__detail::_Default_ranged_hash, std::__detail::_Prime_rehash_policy, std::__detail::_Hashtable_traits<false, true, true> >::_M_erase(unsigned int, std::__detail::_Hash_node_base*, std::__detail::_Hash_node<bubble*, false>*)
 .text._ZN10game_sceneD2Ev
                0x02002d40      0x1c0 game_scene.o
                0x02002d40                game_scene::~game_scene()
                0x02002d40                game_scene::~game_scene()
 .text._ZNSt10_HashtableIP6bubbleS1_SaIS1_ENSt8__detail9_IdentityESt8equal_toIS1_ESt4hashIS1_ENS3_18_Mod_range_hashingENS3_20_Default_ranged_hashENS3_20_Prime_rehash_policyENS3_17_Hashtable_traitsILb0ELb1ELb1EEEE8_M_eraseESt17integral_constantIbLb1EERKS1_.isra.0
                0x02002f00       0xf0 game_scene.o
 .text._ZN10game_scene8on_inputEv
                0x02002ff0      0x1cc game_scene.o
                0x02002ff0                game_scene::on_input()
 .text._ZN10game_scene13delete_unusedEv
                0x020031bc      0x1c0 game_scene.o
                0x020031bc                game_scene::delete_unused()
 .text._ZN10game_scene6updateEi
                0x0200337c      0x214 game_scene.o
                0x0200337c                game_scene::update(int)
 .text._ZN10gameobject9on_renderEv
                0x02003590        0x4 gameobject.o
                0x02003590                gameobject::on_render()
 .text._ZN10gameobject9do_renderEv
                0x02003594      0x1a8 gameobject.o
                0x02003594                gameobject::do_render()
 .text.divf32   0x0200373c       0x54 main.o
 .text.normalizef32
                0x02003790       0xa4 main.o
 .text._ZN4milkD2Ev
                0x02003834       0x18 milk.o
                0x02003834                milk::~milk()
                0x02003834                milk::~milk()
 .text._ZN4milk6updateEi
                0x0200384c       0x80 milk.o
                0x0200384c                milk::update(int)
 .text._ZN4milkD0Ev
                0x020038cc       0x2c milk.o
                0x020038cc                milk::~milk()
 .text._Z8drawQuadi
                0x020038f8      0x108 milk.o
                0x020038f8                drawQuad(int)
 .text._ZN4milk9on_renderEv
                0x02003a00       0xec milk.o
                0x02003a00                milk::on_render()
 .text._ZN4milkC2Ev
                0x02003aec      0x154 milk.o
                0x02003aec                milk::milk()
                0x02003aec                milk::milk()
 .text._Z10sound_initv
                0x02003c40       0x2c sound_manage.o
                0x02003c40                sound_init()
 .text._Z17play_shoot_effectv
                0x02003c6c       0x2c sound_manage.o
                0x02003c6c                play_shoot_effect()
 .text._Z15play_hit_effectv
                0x02003c98       0x2c sound_manage.o
                0x02003c98                play_hit_effect()
 .text._Z18play_update_effectv
                0x02003cc4       0x2c sound_manage.o
                0x02003cc4                play_update_effect()
 .text._Z10play_musicv
                0x02003cf0       0x4c sound_manage.o
                0x02003cf0                play_music()
 .text._mmPxiHandler
                0x02003d3c       0x78 /opt/devkitpro/libnds/lib/libmm9.a(mm_comms9.o)
 .text._mmCreateEffectHandle
                0x02003db4       0x80 /opt/devkitpro/libnds/lib/libmm9.a(mm_comms9.o)
 .text.mmInit   0x02003e34       0x70 /opt/devkitpro/libnds/lib/libmm9.a(mm_comms9.o)
                0x02003e34                mmInit
 .text.mmEffectEx
                0x02003ea4       0x84 /opt/devkitpro/libnds/lib/libmm9.a(mm_comms9.o)
                0x02003ea4                mmEffectEx
 .text.mmEffectCancel
                0x02003f28       0x10 /opt/devkitpro/libnds/lib/libmm9.a(mm_comms9.o)
                0x02003f28                mmEffectCancel
 .text._mmLoadSample
                0x02003f38       0x74 /opt/devkitpro/libnds/lib/libmm9.a(mm_loader.o)
 .text.mmInitDefaultMem
                0x02003fac       0xb8 /opt/devkitpro/libnds/lib/libmm9.a(mm_loader.o)
                0x02003fac                mmInitDefaultMem
 .text.mmLoadEffect
                0x02004064       0x48 /opt/devkitpro/libnds/lib/libmm9.a(mm_loader.o)
                0x02004064                mmLoadEffect
 .text.checkIfText
                0x020040ac       0x6c /opt/devkitpro/libnds/lib/libnds9.a(background.o)
                0x020040ac                checkIfText
 .text.bgUpdate
                0x02004118       0xf4 /opt/devkitpro/libnds/lib/libnds9.a(background.o)
                0x02004118                bgUpdate
 .text.bgInit_call
                0x0200420c       0xb0 /opt/devkitpro/libnds/lib/libnds9.a(background.o)
                0x0200420c                bgInit_call
 .text.bgInitSub_call
                0x020042bc       0xb8 /opt/devkitpro/libnds/lib/libnds9.a(background.o)
                0x020042bc                bgInitSub_call
 .text.newRow   0x02004374       0xdc /opt/devkitpro/libnds/lib/libnds9.a(console.o)
 .text.consolePrintChar
                0x02004450       0xe0 /opt/devkitpro/libnds/lib/libnds9.a(console.o)
                0x02004450                consolePrintChar
 .text.con_write
                0x02004530      0x320 /opt/devkitpro/libnds/lib/libnds9.a(console.o)
                0x02004530                con_write
 .text.consoleLoadFont
                0x02004850      0x314 /opt/devkitpro/libnds/lib/libnds9.a(console.o)
                0x02004850                consoleLoadFont
 .text.consoleInit
                0x02004b64      0x18c /opt/devkitpro/libnds/lib/libnds9.a(console.o)
                0x02004b64                consoleInit
 .text.consoleClear
                0x02004cf0       0x10 /opt/devkitpro/libnds/lib/libnds9.a(console.o)
                0x02004cf0                consoleClear
 .text.scanKeys
                0x02004d00       0x6c /opt/devkitpro/libnds/lib/libnds9.a(keys.o)
                0x02004d00                scanKeys
 .text.keysHeld
                0x02004d6c        0xc /opt/devkitpro/libnds/lib/libnds9.a(keys.o)
                0x02004d6c                keysHeld
 .text.keysDown
                0x02004d78       0x10 /opt/devkitpro/libnds/lib/libnds9.a(keys.o)
                0x02004d78                keysDown
 .text._soundMicCallback
                0x02004d88        0xc /opt/devkitpro/libnds/lib/libnds9.a(sound.o)
 .text.soundPlaySample
                0x02004d94       0x94 /opt/devkitpro/libnds/lib/libnds9.a(sound.o)
                0x02004d94                soundPlaySample
 .text.soundMicRecord
                0x02004e28       0x6c /opt/devkitpro/libnds/lib/libnds9.a(sound.o)
                0x02004e28                soundMicRecord
 .text.soundMicOff
                0x02004e94       0x10 /opt/devkitpro/libnds/lib/libnds9.a(sound.o)
                0x02004e94                soundMicOff
 .text.oamInit  0x02004ea4      0x138 /opt/devkitpro/libnds/lib/libnds9.a(sprite.o)
                0x02004ea4                oamInit
 .text.oamGfxPtrToOffset
                0x02004fdc       0x34 /opt/devkitpro/libnds/lib/libnds9.a(sprite.o)
                0x02004fdc                oamGfxPtrToOffset
 .text.oamSet   0x02005010      0x104 /opt/devkitpro/libnds/lib/libnds9.a(sprite.o)
                0x02005010                oamSet
 .text.oamUpdate
                0x02005114       0x78 /opt/devkitpro/libnds/lib/libnds9.a(sprite.o)
                0x02005114                oamUpdate
 .text.sinLutLookup
                0x0200518c       0x4c /opt/devkitpro/libnds/lib/libnds9.a(trig.o)
                0x0200518c                sinLutLookup
 .text.sinLerp  0x020051d8       0x38 /opt/devkitpro/libnds/lib/libnds9.a(trig.o)
                0x020051d8                sinLerp
 .text.cosLerp  0x02005210       0x48 /opt/devkitpro/libnds/lib/libnds9.a(trig.o)
                0x02005210                cosLerp
 .text.glMaterialf
                0x02005258       0x7c /opt/devkitpro/libnds/lib/libnds9.a(videoGL_base.o)
                0x02005258                glMaterialf
 .text.glInit   0x020052d4       0xdc /opt/devkitpro/libnds/lib/libnds9.a(videoGL_base.o)
                0x020052d4                glInit
 .text.vramBlock__deallocateBlock.part.0
                0x020053b0      0x1b0 /opt/devkitpro/libnds/lib/libnds9.a(videoGL.o)
 .text.vramBlock_init
                0x02005560       0x5c /opt/devkitpro/libnds/lib/libnds9.a(videoGL.o)
                0x02005560                vramBlock_init
 .text.vramBlock__allocateBlock
                0x020055bc      0x17c /opt/devkitpro/libnds/lib/libnds9.a(videoGL.o)
                0x020055bc                vramBlock__allocateBlock
 .text.vramBlock_examineSpecial
                0x02005738      0x26c /opt/devkitpro/libnds/lib/libnds9.a(videoGL.o)
                0x02005738                vramBlock_examineSpecial
 .text.vramBlock_allocateSpecial
                0x020059a4       0x6c /opt/devkitpro/libnds/lib/libnds9.a(videoGL.o)
                0x020059a4                vramBlock_allocateSpecial
 .text.vramBlock_allocateBlock
                0x02005a10       0x30 /opt/devkitpro/libnds/lib/libnds9.a(videoGL.o)
                0x02005a10                vramBlock_allocateBlock
 .text.vramBlock_deallocateBlock
                0x02005a40       0x44 /opt/devkitpro/libnds/lib/libnds9.a(videoGL.o)
                0x02005a40                vramBlock_deallocateBlock
 .text._glInitGlobals
                0x02005a84       0xc8 /opt/devkitpro/libnds/lib/libnds9.a(videoGL.o)
                0x02005a84                _glInitGlobals
 .text.glGenTextures
                0x02005b4c       0x90 /opt/devkitpro/libnds/lib/libnds9.a(videoGL.o)
                0x02005b4c                glGenTextures
 .text.vramGetBank
                0x02005bdc       0xb8 /opt/devkitpro/libnds/lib/libnds9.a(videoGL.o)
                0x02005bdc                vramGetBank
 .text.glBindTexture
                0x02005c94       0x5c /opt/devkitpro/libnds/lib/libnds9.a(videoGL.o)
                0x02005c94                glBindTexture
 .text.glTexImage2D
                0x02005cf0      0x408 /opt/devkitpro/libnds/lib/libnds9.a(videoGL.o)
                0x02005cf0                glTexImage2D
 .text.DynamicArrayInit
                0x020060f8       0x18 /opt/devkitpro/libnds/lib/libnds9.a(dynamicArray.o)
                0x020060f8                DynamicArrayInit
 .text.DynamicArrayGet
                0x02006110       0x18 /opt/devkitpro/libnds/lib/libnds9.a(dynamicArray.o)
                0x02006110                DynamicArrayGet
 .text.DynamicArraySet
                0x02006128       0x48 /opt/devkitpro/libnds/lib/libnds9.a(dynamicArray.o)
                0x02006128                DynamicArraySet
 .text.oamAllocReset
                0x02006170       0x1c /opt/devkitpro/libnds/lib/libnds9.a(sprite_alloc.o)
                0x02006170                oamAllocReset
 .text.powerOn  0x0200618c       0x18 /opt/devkitpro/libnds/lib/libnds9.a(system.o)
                0x0200618c                powerOn
 .text.vramRestorePrimaryBanks
                0x020061a4        0xc /opt/devkitpro/libnds/lib/libnds9.a(video.o)
                0x020061a4                vramRestorePrimaryBanks
 .text._tickCountIsr
                0x020061b0       0x1c /opt/devkitpro/calico/lib/libcalico_ds9.a(tick.o)
 .text._tickTaskSchedule.part.0.isra.0
                0x020061cc       0x98 /opt/devkitpro/calico/lib/libcalico_ds9.a(tick.o)
 .text.tickInit
                0x02006264       0x8c /opt/devkitpro/calico/lib/libcalico_ds9.a(tick.o)
                0x02006264                tickInit
 .text.tickGetCount
                0x020062f0       0x6c /opt/devkitpro/calico/lib/libcalico_ds9.a(tick.o)
                0x020062f0                tickGetCount
 .text._tickTaskIsr
                0x0200635c      0x110 /opt/devkitpro/calico/lib/libcalico_ds9.a(tick.o)
 .text.tickTaskStart
                0x0200646c      0x11c /opt/devkitpro/calico/lib/libcalico_ds9.a(tick.o)
                0x0200646c                tickTaskStart
 .text.threadExit
                0x02006588       0x98 /opt/devkitpro/calico/lib/libcalico_ds9.a(thread_cold.o)
                0x02006588                threadExit
 .text._threadTickTask
                0x02006620       0x10 /opt/devkitpro/calico/lib/libcalico_ds9.a(thread_cold.o)
 .text._threadInit
                0x02006630       0x98 /opt/devkitpro/calico/lib/libcalico_ds9.a(thread_cold.o)
                0x02006630                _threadInit
 .text.threadPrepare
                0x020066c8       0x98 /opt/devkitpro/calico/lib/libcalico_ds9.a(thread_cold.o)
                0x020066c8                threadPrepare
 .text.threadAttachLocalStorage
                0x02006760      0x10c /opt/devkitpro/calico/lib/libcalico_ds9.a(thread_cold.o)
                0x02006760                threadAttachLocalStorage
 .text.threadStart
                0x0200686c       0xc0 /opt/devkitpro/calico/lib/libcalico_ds9.a(thread_cold.o)
                0x0200686c                threadStart
 .text.threadIrqWait
                0x0200692c       0x98 /opt/devkitpro/calico/lib/libcalico_ds9.a(thread_cold.o)
                0x0200692c                threadIrqWait
 .text.threadSleepTicks
                0x020069c4       0x58 /opt/devkitpro/calico/lib/libcalico_ds9.a(thread_cold.o)
                0x020069c4                threadSleepTicks
 .text._pxiMailboxHandler
                0x02006a1c        0x4 /opt/devkitpro/calico/lib/libcalico_ds9.a(pxi.o)
 .text._pxiRecvUnhandled
                0x02006a20        0x4 /opt/devkitpro/calico/lib/libcalico_ds9.a(pxi.o)
                0x02006a20                _pxiRecvUnhandled
 .text._pxiRecvIrqHandler
                0x02006a24      0x154 /opt/devkitpro/calico/lib/libcalico_ds9.a(pxi.o)
 .text._pxiInit
                0x02006b78       0x58 /opt/devkitpro/calico/lib/libcalico_ds9.a(pxi.o)
                0x02006b78                _pxiInit
 .text.pxiSetHandler
                0x02006bd0       0x74 /opt/devkitpro/calico/lib/libcalico_ds9.a(pxi.o)
                0x02006bd0                pxiSetHandler
 .text.pxiSetMailbox
                0x02006c44       0x68 /opt/devkitpro/calico/lib/libcalico_ds9.a(pxi.o)
                0x02006c44                pxiSetMailbox
 .text.pxiWaitRemote
                0x02006cac       0x38 /opt/devkitpro/calico/lib/libcalico_ds9.a(pxi.o)
                0x02006cac                pxiWaitRemote
 .text.pxiSendPacket
                0x02006ce4       0x50 /opt/devkitpro/calico/lib/libcalico_ds9.a(pxi.o)
                0x02006ce4                pxiSendPacket
 .text.pxiSendExtPacket
                0x02006d34       0x98 /opt/devkitpro/calico/lib/libcalico_ds9.a(pxi.o)
                0x02006d34                pxiSendExtPacket
 .text.pxiBeginReceive
                0x02006dcc       0x2c /opt/devkitpro/calico/lib/libcalico_ds9.a(pxi.o)
                0x02006dcc                pxiBeginReceive
 .text.pxiEndReceive
                0x02006df8       0x94 /opt/devkitpro/calico/lib/libcalico_ds9.a(pxi.o)
                0x02006df8                pxiEndReceive
 .text.keypadGetState
                0x02006e8c       0x28 /opt/devkitpro/calico/lib/libcalico_ds9.a(keypad.o)
                0x02006e8c                keypadGetState
 .text._pmCallEventHandlers
                0x02006eb4       0x40 /opt/devkitpro/calico/lib/libcalico_ds9.a(pm.o)
 .text._pmPxiThreadMain
                0x02006ef4       0xa0 /opt/devkitpro/calico/lib/libcalico_ds9.a(pm.o)
 .text._pmResetPxiHandler
                0x02006f94       0x28 /opt/devkitpro/calico/lib/libcalico_ds9.a(pm.o)
 .text.systemUserExit
                0x02006fbc        0x4 /opt/devkitpro/calico/lib/libcalico_ds9.a(pm.o)
                0x02006fbc                systemUserExit
 .text.systemErrorExit
                0x02006fc0        0x4 /opt/devkitpro/calico/lib/libcalico_ds9.a(pm.o)
                0x02006fc0                systemErrorExit
 .text.__syscall_exit
                0x02006fc4      0x138 /opt/devkitpro/calico/lib/libcalico_ds9.a(pm.o)
                0x02006fc4                __syscall_exit
 .text.pmInit   0x020070fc       0x58 /opt/devkitpro/calico/lib/libcalico_ds9.a(pm.o)
                0x020070fc                pmInit
 .text.pmEnterSleep
                0x02007154       0xcc /opt/devkitpro/calico/lib/libcalico_ds9.a(pm.o)
                0x02007154                pmEnterSleep
 .text.pmMainLoop
                0x02007220       0x60 /opt/devkitpro/calico/lib/libcalico_ds9.a(pm.o)
                0x02007220                pmMainLoop
 .text.pmMicSetAmp
                0x02007280       0x38 /opt/devkitpro/calico/lib/libcalico_ds9.a(pm_arm9.o)
                0x02007280                pmMicSetAmp
 .text.touchRead
                0x020072b8       0x58 /opt/devkitpro/calico/lib/libcalico_ds9.a(touch.o)
                0x020072b8                touchRead
 .text._soundPxiCheckCredits
                0x02007310       0x70 /opt/devkitpro/calico/lib/libcalico_ds9.a(sound.o)
 .text._soundPxiHandler
                0x02007380       0x3c /opt/devkitpro/calico/lib/libcalico_ds9.a(sound.o)
 .text.soundInit
                0x020073bc       0x64 /opt/devkitpro/calico/lib/libcalico_ds9.a(sound.o)
                0x020073bc                soundInit
 .text.soundSetPower
                0x02007420       0x28 /opt/devkitpro/calico/lib/libcalico_ds9.a(sound.o)
                0x02007420                soundSetPower
 .text.soundGetActiveChannels
                0x02007448       0x58 /opt/devkitpro/calico/lib/libcalico_ds9.a(sound.o)
                0x02007448                soundGetActiveChannels
 .text.soundSetMixerSleep
                0x020074a0       0x2c /opt/devkitpro/calico/lib/libcalico_ds9.a(sound.o)
                0x020074a0                soundSetMixerSleep
 .text.soundPreparePcm
                0x020074cc       0xe4 /opt/devkitpro/calico/lib/libcalico_ds9.a(sound.o)
                0x020074cc                soundPreparePcm
 .text._micThreadMain
                0x020075b0       0x58 /opt/devkitpro/calico/lib/libcalico_ds9.a(mic.o)
 .text.micInit  0x02007608        0x8 /opt/devkitpro/calico/lib/libcalico_ds9.a(mic.o)
                0x02007608                micInit
 .text.micSetCpuTimer
                0x02007610       0x44 /opt/devkitpro/calico/lib/libcalico_ds9.a(mic.o)
                0x02007610                micSetCpuTimer
 .text.micSetCallback
                0x02007654       0x9c /opt/devkitpro/calico/lib/libcalico_ds9.a(mic.o)
                0x02007654                micSetCallback
 .text.micStart
                0x020076f0       0x80 /opt/devkitpro/calico/lib/libcalico_ds9.a(mic.o)
                0x020076f0                micStart
 .text.micStop  0x02007770       0x20 /opt/devkitpro/calico/lib/libcalico_ds9.a(mic.o)
                0x02007770                micStop
 .text.irqSet   0x02007790       0x64 /opt/devkitpro/calico/lib/libcalico_ds9.a(irq.o)
                0x02007790                irqSet
 .text.threadUpdateDynamicPrio
                0x020077f4      0x1c4 /opt/devkitpro/calico/lib/libcalico_ds9.a(mutex.o)
 .text.threadRemoveWaiter
                0x020079b8      0x1a8 /opt/devkitpro/calico/lib/libcalico_ds9.a(mutex.o)
 .text.mutexLock
                0x02007b60      0x144 /opt/devkitpro/calico/lib/libcalico_ds9.a(mutex.o)
                0x02007b60                mutexLock
 .text.mutexUnlock
                0x02007ca4       0xbc /opt/devkitpro/calico/lib/libcalico_ds9.a(mutex.o)
                0x02007ca4                mutexUnlock
 .text.mailboxTrySend
                0x02007d60       0x9c /opt/devkitpro/calico/lib/libcalico_ds9.a(mailbox.o)
                0x02007d60                mailboxTrySend
 .text.mailboxRecv
                0x02007dfc       0x8c /opt/devkitpro/calico/lib/libcalico_ds9.a(mailbox.o)
                0x02007dfc                mailboxRecv
 .text.__syscall_getreent
                0x02007e88       0x14 /opt/devkitpro/calico/lib/libcalico_ds9.a(newlib_syscalls.o)
                0x02007e88                __syscall_getreent
 .text.__errno  0x02007e9c       0x24 /opt/devkitpro/calico/lib/libcalico_ds9.a(newlib_syscalls.o)
                0x02007e9c                __errno
 .text.__syscall_lock_acquire
                0x02007ec0        0x4 /opt/devkitpro/calico/lib/libcalico_ds9.a(newlib_syscalls.o)
                0x02007ec0                __syscall_lock_acquire
 .text.__syscall_lock_release
                0x02007ec4        0x4 /opt/devkitpro/calico/lib/libcalico_ds9.a(newlib_syscalls.o)
                0x02007ec4                __syscall_lock_release
 .text.__syscall_lock_acquire_recursive
                0x02007ec8       0x40 /opt/devkitpro/calico/lib/libcalico_ds9.a(newlib_syscalls.o)
                0x02007ec8                __syscall_lock_acquire_recursive
 .text.__syscall_lock_release_recursive
                0x02007f08       0x18 /opt/devkitpro/calico/lib/libcalico_ds9.a(newlib_syscalls.o)
                0x02007f08                __syscall_lock_release_recursive
 .text.systemUserStartup
                0x02007f20        0x4 /opt/devkitpro/calico/lib/libcalico_ds9.a(sys_startup.o)
                0x02007f20                systemUserStartup
 .text.systemStartup
                0x02007f24      0x104 /opt/devkitpro/calico/lib/libcalico_ds9.a(sys_startup.o)
                0x02007f24                systemStartup
 .text._ZdlPvj  0x02008028       0x10 /opt/devkitpro/devkitARM/bin/../lib/gcc/arm-none-eabi/14.2.0/../../../../arm-none-eabi/lib/libstdc++.a(del_ops.o)
                0x02008028                operator delete(void*, unsigned int)
 .text._Znwj    0x02008038       0x68 /opt/devkitpro/devkitARM/bin/../lib/gcc/arm-none-eabi/14.2.0/../../../../arm-none-eabi/lib/libstdc++.a(new_op.o)
                0x02008038                operator new(unsigned int)
 .text._ZNKSt8__detail20_Prime_rehash_policy11_M_next_bktEj
                0x020080a0      0x11c /opt/devkitpro/devkitARM/bin/../lib/gcc/arm-none-eabi/14.2.0/../../../../arm-none-eabi/lib/libstdc++.a(hashtable_c++0x.o)
                0x020080a0                std::__detail::_Prime_rehash_policy::_M_next_bkt(unsigned int) const
 .text._ZNKSt8__detail20_Prime_rehash_policy14_M_need_rehashEjjj
                0x020081bc      0x150 /opt/devkitpro/devkitARM/bin/../lib/gcc/arm-none-eabi/14.2.0/../../../../arm-none-eabi/lib/libstdc++.a(hashtable_c++0x.o)
                0x020081bc                std::__detail::_Prime_rehash_policy::_M_need_rehash(unsigned int, unsigned int, unsigned int) const
 .text._ZNKSt9bad_alloc4whatEv
                0x0200830c        0xc /opt/devkitpro/devkitARM/bin/../lib/gcc/arm-none-eabi/14.2.0/../../../../arm-none-eabi/lib/libstdc++.a(bad_alloc.o)
                0x0200830c                std::bad_alloc::what() const
 .text._ZNSt9bad_allocD2Ev
                0x02008318       0x24 /opt/devkitpro/devkitARM/bin/../lib/gcc/arm-none-eabi/14.2.0/../../../../arm-none-eabi/lib/libstdc++.a(bad_alloc.o)
                0x02008318                std::bad_alloc::~bad_alloc()
                0x02008318                std::bad_alloc::~bad_alloc()
 .text._ZNSt9bad_allocD0Ev
                0x0200833c       0x30 /opt/devkitpro/devkitARM/bin/../lib/gcc/arm-none-eabi/14.2.0/../../../../arm-none-eabi/lib/libstdc++.a(bad_alloc.o)
                0x0200833c                std::bad_alloc::~bad_alloc()
 .text._ZNKSt20bad_array_new_length4whatEv
                0x0200836c        0xc /opt/devkitpro/devkitARM/bin/../lib/gcc/arm-none-eabi/14.2.0/../../../../arm-none-eabi/lib/libstdc++.a(bad_array_new.o)
                0x0200836c                std::bad_array_new_length::what() const
 .text._ZNSt20bad_array_new_lengthD2Ev
                0x02008378       0x24 /opt/devkitpro/devkitARM/bin/../lib/gcc/arm-none-eabi/14.2.0/../../../../arm-none-eabi/lib/libstdc++.a(bad_array_new.o)
                0x02008378                std::bad_array_new_length::~bad_array_new_length()
                0x02008378                std::bad_array_new_length::~bad_array_new_length()
 .text._ZNSt20bad_array_new_lengthD0Ev
                0x0200839c       0x30 /opt/devkitpro/devkitARM/bin/../lib/gcc/arm-none-eabi/14.2.0/../../../../arm-none-eabi/lib/libstdc++.a(bad_array_new.o)
                0x0200839c                std::bad_array_new_length::~bad_array_new_length()
 .text._ZdlPv   0x020083cc       0x10 /opt/devkitpro/devkitARM/bin/../lib/gcc/arm-none-eabi/14.2.0/../../../../arm-none-eabi/lib/libstdc++.a(del_op.o)
                0x020083cc                operator delete(void*)
 .text._ZNK9__gnu_cxx24__concurrence_lock_error4whatEv
                0x020083dc        0xc /opt/devkitpro/devkitARM/bin/../lib/gcc/arm-none-eabi/14.2.0/../../../../arm-none-eabi/lib/libstdc++.a(eh_alloc.o)
                0x020083dc                __gnu_cxx::__concurrence_lock_error::what() const
 .text._ZNK9__gnu_cxx26__concurrence_unlock_error4whatEv
                0x020083e8        0xc /opt/devkitpro/devkitARM/bin/../lib/gcc/arm-none-eabi/14.2.0/../../../../arm-none-eabi/lib/libstdc++.a(eh_alloc.o)
                0x020083e8                __gnu_cxx::__concurrence_unlock_error::what() const
 .text._ZN9__gnu_cxx24__concurrence_lock_errorD2Ev
                0x020083f4       0x24 /opt/devkitpro/devkitARM/bin/../lib/gcc/arm-none-eabi/14.2.0/../../../../arm-none-eabi/lib/libstdc++.a(eh_alloc.o)
                0x020083f4                __gnu_cxx::__concurrence_lock_error::~__concurrence_lock_error()
                0x020083f4                __gnu_cxx::__concurrence_lock_error::~__concurrence_lock_error()
 .text._ZN9__gnu_cxx24__concurrence_lock_errorD0Ev
                0x02008418       0x30 /opt/devkitpro/devkitARM/bin/../lib/gcc/arm-none-eabi/14.2.0/../../../../arm-none-eabi/lib/libstdc++.a(eh_alloc.o)
                0x02008418                __gnu_cxx::__concurrence_lock_error::~__concurrence_lock_error()
 .text._ZN9__gnu_cxx26__concurrence_unlock_errorD2Ev
                0x02008448       0x24 /opt/devkitpro/devkitARM/bin/../lib/gcc/arm-none-eabi/14.2.0/../../../../arm-none-eabi/lib/libstdc++.a(eh_alloc.o)
                0x02008448                __gnu_cxx::__concurrence_unlock_error::~__concurrence_unlock_error()
                0x02008448                __gnu_cxx::__concurrence_unlock_error::~__concurrence_unlock_error()
 .text._ZN9__gnu_cxx26__concurrence_unlock_errorD0Ev
                0x0200846c       0x30 /opt/devkitpro/devkitARM/bin/../lib/gcc/arm-none-eabi/14.2.0/../../../../arm-none-eabi/lib/libstdc++.a(eh_alloc.o)
                0x0200846c                __gnu_cxx::__concurrence_unlock_error::~__concurrence_unlock_error()
 .text._ZN12_GLOBAL__N_14pool4freeEPv.constprop.0
                0x0200849c      0x124 /opt/devkitpro/devkitARM/bin/../lib/gcc/arm-none-eabi/14.2.0/../../../../arm-none-eabi/lib/libstdc++.a(eh_alloc.o)
 .text._ZN12_GLOBAL__N_14pool8allocateEj.constprop.0
                0x020085c0       0xdc /opt/devkitpro/devkitARM/bin/../lib/gcc/arm-none-eabi/14.2.0/../../../../arm-none-eabi/lib/libstdc++.a(eh_alloc.o)
 .text.__cxa_allocate_exception
                0x0200869c       0x48 /opt/devkitpro/devkitARM/bin/../lib/gcc/arm-none-eabi/14.2.0/../../../../arm-none-eabi/lib/libstdc++.a(eh_alloc.o)
                0x0200869c                __cxa_allocate_exception
 .text.__cxa_free_exception
                0x020086e4       0x38 /opt/devkitpro/devkitARM/bin/../lib/gcc/arm-none-eabi/14.2.0/../../../../arm-none-eabi/lib/libstdc++.a(eh_alloc.o)
                0x020086e4                __cxa_free_exception
 .text.__cxa_end_cleanup
                0x0200871c       0x10 /opt/devkitpro/devkitARM/bin/../lib/gcc/arm-none-eabi/14.2.0/../../../../arm-none-eabi/lib/libstdc++.a(eh_arm.o)
                0x0200871c                __cxa_end_cleanup
 .text.__cxa_type_match
                0x0200872c      0x140 /opt/devkitpro/devkitARM/bin/../lib/gcc/arm-none-eabi/14.2.0/../../../../arm-none-eabi/lib/libstdc++.a(eh_arm.o)
                0x0200872c                __cxa_type_match
 .text.__cxa_begin_cleanup
                0x0200886c       0xbc /opt/devkitpro/devkitARM/bin/../lib/gcc/arm-none-eabi/14.2.0/../../../../arm-none-eabi/lib/libstdc++.a(eh_arm.o)
                0x0200886c                __cxa_begin_cleanup
 .text.__gnu_end_cleanup
                0x02008928       0xbc /opt/devkitpro/devkitARM/bin/../lib/gcc/arm-none-eabi/14.2.0/../../../../arm-none-eabi/lib/libstdc++.a(eh_arm.o)
                0x02008928                __gnu_end_cleanup
 .text._ZNSt9exceptionD2Ev
                0x020089e4        0x4 /opt/devkitpro/devkitARM/bin/../lib/gcc/arm-none-eabi/14.2.0/../../../../arm-none-eabi/lib/libstdc++.a(eh_exception.o)
                0x020089e4                std::exception::~exception()
                0x020089e4                std::exception::~exception()
 .text._ZNSt13bad_exceptionD2Ev
                0x020089e8        0x4 /opt/devkitpro/devkitARM/bin/../lib/gcc/arm-none-eabi/14.2.0/../../../../arm-none-eabi/lib/libstdc++.a(eh_exception.o)
                0x020089e8                std::bad_exception::~bad_exception()
                0x020089e8                std::bad_exception::~bad_exception()
 .text._ZNKSt9exception4whatEv
                0x020089ec        0xc /opt/devkitpro/devkitARM/bin/../lib/gcc/arm-none-eabi/14.2.0/../../../../arm-none-eabi/lib/libstdc++.a(eh_exception.o)
                0x020089ec                transaction clone for std::exception::what() const
                0x020089ec                std::exception::what() const
 .text._ZNKSt13bad_exception4whatEv
                0x020089f8        0xc /opt/devkitpro/devkitARM/bin/../lib/gcc/arm-none-eabi/14.2.0/../../../../arm-none-eabi/lib/libstdc++.a(eh_exception.o)
                0x020089f8                transaction clone for std::bad_exception::what() const
                0x020089f8                std::bad_exception::what() const
 .text._ZNSt13bad_exceptionD0Ev
                0x02008a04       0x1c /opt/devkitpro/devkitARM/bin/../lib/gcc/arm-none-eabi/14.2.0/../../../../arm-none-eabi/lib/libstdc++.a(eh_exception.o)
                0x02008a04                std::bad_exception::~bad_exception()
 .text._ZL15eh_globals_dtorPv
                0x02008a20       0x40 /opt/devkitpro/devkitARM/bin/../lib/gcc/arm-none-eabi/14.2.0/../../../../arm-none-eabi/lib/libstdc++.a(eh_globals.o)
 .text.__cxa_get_globals_fast
                0x02008a60       0x3c /opt/devkitpro/devkitARM/bin/../lib/gcc/arm-none-eabi/14.2.0/../../../../arm-none-eabi/lib/libstdc++.a(eh_globals.o)
                0x02008a60                __cxa_get_globals_fast
 .text.__cxa_get_globals
                0x02008a9c       0x78 /opt/devkitpro/devkitARM/bin/../lib/gcc/arm-none-eabi/14.2.0/../../../../arm-none-eabi/lib/libstdc++.a(eh_globals.o)
                0x02008a9c                __cxa_get_globals
 .text._ZL28read_encoded_value_with_basehjPKhPj
                0x02008b14      0x150 /opt/devkitpro/devkitARM/bin/../lib/gcc/arm-none-eabi/14.2.0/../../../../arm-none-eabi/lib/libstdc++.a(eh_personality.o)
 .text._ZL21base_of_encoded_valuehP15_Unwind_Context
                0x02008c64       0x7c /opt/devkitpro/devkitARM/bin/../lib/gcc/arm-none-eabi/14.2.0/../../../../arm-none-eabi/lib/libstdc++.a(eh_personality.o)
 .text._ZL17parse_lsda_headerP15_Unwind_ContextPKhP16lsda_header_info
                0x02008ce0       0xd8 /opt/devkitpro/devkitARM/bin/../lib/gcc/arm-none-eabi/14.2.0/../../../../arm-none-eabi/lib/libstdc++.a(eh_personality.o)
 .text.__gxx_personality_v0
                0x02008db8      0x71c /opt/devkitpro/devkitARM/bin/../lib/gcc/arm-none-eabi/14.2.0/../../../../arm-none-eabi/lib/libstdc++.a(eh_personality.o)
                0x02008db8                __gxx_personality_v0
 .text._ZN10__cxxabiv111__terminateEPFvvE
                0x020094d4       0x18 /opt/devkitpro/devkitARM/bin/../lib/gcc/arm-none-eabi/14.2.0/../../../../arm-none-eabi/lib/libstdc++.a(eh_terminate.o)
                0x020094d4                __cxxabiv1::__terminate(void (*)())
 .text._ZSt13get_terminatev
                0x020094ec       0x60 /opt/devkitpro/devkitARM/bin/../lib/gcc/arm-none-eabi/14.2.0/../../../../arm-none-eabi/lib/libstdc++.a(eh_terminate.o)
                0x020094ec                std::get_terminate()
 .text._ZN10__cxxabiv112__unexpectedEPFvvE
                0x0200954c       0x10 /opt/devkitpro/devkitARM/bin/../lib/gcc/arm-none-eabi/14.2.0/../../../../arm-none-eabi/lib/libstdc++.a(eh_terminate.o)
                0x0200954c                __cxxabiv1::__unexpected(void (*)())
 .text._ZSt14get_unexpectedv
                0x0200955c       0x60 /opt/devkitpro/devkitARM/bin/../lib/gcc/arm-none-eabi/14.2.0/../../../../arm-none-eabi/lib/libstdc++.a(eh_terminate.o)
                0x0200955c                std::get_unexpected()
 .text._ZL23__gxx_exception_cleanup19_Unwind_Reason_CodeP21_Unwind_Control_Block
                0x020095bc       0x80 /opt/devkitpro/devkitARM/bin/../lib/gcc/arm-none-eabi/14.2.0/../../../../arm-none-eabi/lib/libstdc++.a(eh_throw.o)
 .text.__cxa_init_primary_exception
                0x0200963c       0x74 /opt/devkitpro/devkitARM/bin/../lib/gcc/arm-none-eabi/14.2.0/../../../../arm-none-eabi/lib/libstdc++.a(eh_throw.o)
                0x0200963c                __cxa_init_primary_exception
 .text.__cxa_throw
                0x020096b0       0x54 /opt/devkitpro/devkitARM/bin/../lib/gcc/arm-none-eabi/14.2.0/../../../../arm-none-eabi/lib/libstdc++.a(eh_throw.o)
                0x020096b0                __cxa_throw
 .text.__cxa_rethrow
                0x02009704       0xb0 /opt/devkitpro/devkitARM/bin/../lib/gcc/arm-none-eabi/14.2.0/../../../../arm-none-eabi/lib/libstdc++.a(eh_throw.o)
                0x02009704                __cxa_rethrow
 .text._ZSt15get_new_handlerv
                0x020097b4       0x60 /opt/devkitpro/devkitARM/bin/../lib/gcc/arm-none-eabi/14.2.0/../../../../arm-none-eabi/lib/libstdc++.a(new_handler.o)
                0x020097b4                std::get_new_handler()
 .text._ZN10__cxxabiv120__si_class_type_infoD2Ev
                0x02009814       0x24 /opt/devkitpro/devkitARM/bin/../lib/gcc/arm-none-eabi/14.2.0/../../../../arm-none-eabi/lib/libstdc++.a(si_class_type_info.o)
                0x02009814                __cxxabiv1::__si_class_type_info::~__si_class_type_info()
                0x02009814                __cxxabiv1::__si_class_type_info::~__si_class_type_info()
 .text._ZN10__cxxabiv120__si_class_type_infoD0Ev
                0x02009838       0x30 /opt/devkitpro/devkitARM/bin/../lib/gcc/arm-none-eabi/14.2.0/../../../../arm-none-eabi/lib/libstdc++.a(si_class_type_info.o)
                0x02009838                __cxxabiv1::__si_class_type_info::~__si_class_type_info()
 .text._ZNK10__cxxabiv120__si_class_type_info12__do_dyncastEiNS_17__class_type_info10__sub_kindEPKS1_PKvS4_S6_RNS1_16__dyncast_resultE
                0x02009868      0x140 /opt/devkitpro/devkitARM/bin/../lib/gcc/arm-none-eabi/14.2.0/../../../../arm-none-eabi/lib/libstdc++.a(si_class_type_info.o)
                0x02009868                __cxxabiv1::__si_class_type_info::__do_dyncast(int, __cxxabiv1::__class_type_info::__sub_kind, __cxxabiv1::__class_type_info const*, void const*, __cxxabiv1::__class_type_info const*, void const*, __cxxabiv1::__class_type_info::__dyncast_result&) const
 .text._ZNK10__cxxabiv120__si_class_type_info20__do_find_public_srcEiPKvPKNS_17__class_type_infoES2_
                0x020099a8       0x8c /opt/devkitpro/devkitARM/bin/../lib/gcc/arm-none-eabi/14.2.0/../../../../arm-none-eabi/lib/libstdc++.a(si_class_type_info.o)
                0x020099a8                __cxxabiv1::__si_class_type_info::__do_find_public_src(int, void const*, __cxxabiv1::__class_type_info const*, void const*) const
 .text._ZNK10__cxxabiv120__si_class_type_info11__do_upcastEPKNS_17__class_type_infoEPKvRNS1_15__upcast_resultE
                0x02009a34       0x4c /opt/devkitpro/devkitARM/bin/../lib/gcc/arm-none-eabi/14.2.0/../../../../arm-none-eabi/lib/libstdc++.a(si_class_type_info.o)
                0x02009a34                __cxxabiv1::__si_class_type_info::__do_upcast(__cxxabiv1::__class_type_info const*, void const*, __cxxabiv1::__class_type_info::__upcast_result&) const
 .text._ZNSt9type_infoD2Ev
                0x02009a80        0x4 /opt/devkitpro/devkitARM/bin/../lib/gcc/arm-none-eabi/14.2.0/../../../../arm-none-eabi/lib/libstdc++.a(tinfo.o)
                0x02009a80                std::type_info::~type_info()
                0x02009a80                std::type_info::~type_info()
 .text._ZNKSt9type_info14__is_pointer_pEv
                0x02009a84        0x8 /opt/devkitpro/devkitARM/bin/../lib/gcc/arm-none-eabi/14.2.0/../../../../arm-none-eabi/lib/libstdc++.a(tinfo.o)
                0x02009a84                std::type_info::__is_function_p() const
                0x02009a84                std::type_info::__is_pointer_p() const
 .text._ZN9__gnu_cxx18__exchange_and_addEPVii
                0x02009a8c       0xec /opt/devkitpro/devkitARM/bin/../lib/gcc/arm-none-eabi/14.2.0/../../../../arm-none-eabi/lib/libstdc++.a(atomicity.o)
                0x02009a8c                __gnu_cxx::__exchange_and_add(int volatile*, int)
 .text._ZNK10__cxxabiv117__class_type_info11__do_upcastEPKS0_PPv
                0x02009b78       0x64 /opt/devkitpro/devkitARM/bin/../lib/gcc/arm-none-eabi/14.2.0/../../../../arm-none-eabi/lib/libstdc++.a(class_type_info.o)
                0x02009b78                __cxxabiv1::__class_type_info::__do_upcast(__cxxabiv1::__class_type_info const*, void**) const
 .text._ZNK10__cxxabiv117__class_type_info20__do_find_public_srcEiPKvPKS0_S2_
                0x02009bdc       0x14 /opt/devkitpro/devkitARM/bin/../lib/gcc/arm-none-eabi/14.2.0/../../../../arm-none-eabi/lib/libstdc++.a(class_type_info.o)
                0x02009bdc                __cxxabiv1::__class_type_info::__do_find_public_src(int, void const*, __cxxabiv1::__class_type_info const*, void const*) const
 .text._ZN10__cxxabiv117__class_type_infoD2Ev
                0x02009bf0       0x24 /opt/devkitpro/devkitARM/bin/../lib/gcc/arm-none-eabi/14.2.0/../../../../arm-none-eabi/lib/libstdc++.a(class_type_info.o)
                0x02009bf0                __cxxabiv1::__class_type_info::~__class_type_info()
                0x02009bf0                __cxxabiv1::__class_type_info::~__class_type_info()
 .text._ZN10__cxxabiv117__class_type_infoD0Ev
                0x02009c14       0x30 /opt/devkitpro/devkitARM/bin/../lib/gcc/arm-none-eabi/14.2.0/../../../../arm-none-eabi/lib/libstdc++.a(class_type_info.o)
                0x02009c14                __cxxabiv1::__class_type_info::~__class_type_info()
 .text._ZNK10__cxxabiv117__class_type_info11__do_upcastEPKS0_PKvRNS0_15__upcast_resultE
                0x02009c44       0x6c /opt/devkitpro/devkitARM/bin/../lib/gcc/arm-none-eabi/14.2.0/../../../../arm-none-eabi/lib/libstdc++.a(class_type_info.o)
                0x02009c44                __cxxabiv1::__class_type_info::__do_upcast(__cxxabiv1::__class_type_info const*, void const*, __cxxabiv1::__class_type_info::__upcast_result&) const
 .text._ZNK10__cxxabiv117__class_type_info10__do_catchEPKSt9type_infoPPvj
                0x02009cb0       0x84 /opt/devkitpro/devkitARM/bin/../lib/gcc/arm-none-eabi/14.2.0/../../../../arm-none-eabi/lib/libstdc++.a(class_type_info.o)
                0x02009cb0                __cxxabiv1::__class_type_info::__do_catch(std::type_info const*, void**, unsigned int) const
 .text._ZNK10__cxxabiv117__class_type_info12__do_dyncastEiNS0_10__sub_kindEPKS0_PKvS3_S5_RNS0_16__dyncast_resultE
                0x02009d34       0xdc /opt/devkitpro/devkitARM/bin/../lib/gcc/arm-none-eabi/14.2.0/../../../../arm-none-eabi/lib/libstdc++.a(class_type_info.o)
                0x02009d34                __cxxabiv1::__class_type_info::__do_dyncast(int, __cxxabiv1::__class_type_info::__sub_kind, __cxxabiv1::__class_type_info const*, void const*, __cxxabiv1::__class_type_info const*, void const*, __cxxabiv1::__class_type_info::__dyncast_result&) const
 .text.__cxa_begin_catch
                0x02009e10       0xd4 /opt/devkitpro/devkitARM/bin/../lib/gcc/arm-none-eabi/14.2.0/../../../../arm-none-eabi/lib/libstdc++.a(eh_catch.o)
                0x02009e10                __cxa_begin_catch
 .text.__cxa_end_catch
                0x02009ee4       0xe0 /opt/devkitpro/devkitARM/bin/../lib/gcc/arm-none-eabi/14.2.0/../../../../arm-none-eabi/lib/libstdc++.a(eh_catch.o)
                0x02009ee4                __cxa_end_catch
 .text._ZNK9__gnu_cxx29__concurrence_broadcast_error4whatEv
                0x02009fc4        0xc /opt/devkitpro/devkitARM/bin/../lib/gcc/arm-none-eabi/14.2.0/../../../../arm-none-eabi/lib/libstdc++.a(guard.o)
                0x02009fc4                __gnu_cxx::__concurrence_broadcast_error::what() const
 .text._ZNK9__gnu_cxx24__concurrence_wait_error4whatEv
                0x02009fd0        0xc /opt/devkitpro/devkitARM/bin/../lib/gcc/arm-none-eabi/14.2.0/../../../../arm-none-eabi/lib/libstdc++.a(guard.o)
                0x02009fd0                __gnu_cxx::__concurrence_wait_error::what() const
 .text._ZN12_GLOBAL__N_1L4initEv
                0x02009fdc       0x3c /opt/devkitpro/devkitARM/bin/../lib/gcc/arm-none-eabi/14.2.0/../../../../arm-none-eabi/lib/libstdc++.a(guard.o)
 .text._ZN12_GLOBAL__N_1L16init_static_condEv
                0x0200a018       0x24 /opt/devkitpro/devkitARM/bin/../lib/gcc/arm-none-eabi/14.2.0/../../../../arm-none-eabi/lib/libstdc++.a(guard.o)
 .text._ZN9__gnu_cxx24__concurrence_wait_errorD2Ev
                0x0200a03c       0x24 /opt/devkitpro/devkitARM/bin/../lib/gcc/arm-none-eabi/14.2.0/../../../../arm-none-eabi/lib/libstdc++.a(guard.o)
                0x0200a03c                __gnu_cxx::__concurrence_wait_error::~__concurrence_wait_error()
                0x0200a03c                __gnu_cxx::__concurrence_wait_error::~__concurrence_wait_error()
 .text._ZN9__gnu_cxx24__concurrence_wait_errorD0Ev
                0x0200a060       0x30 /opt/devkitpro/devkitARM/bin/../lib/gcc/arm-none-eabi/14.2.0/../../../../arm-none-eabi/lib/libstdc++.a(guard.o)
                0x0200a060                __gnu_cxx::__concurrence_wait_error::~__concurrence_wait_error()
 .text._ZN9__gnu_cxx29__concurrence_broadcast_errorD2Ev
                0x0200a090       0x24 /opt/devkitpro/devkitARM/bin/../lib/gcc/arm-none-eabi/14.2.0/../../../../arm-none-eabi/lib/libstdc++.a(guard.o)
                0x0200a090                __gnu_cxx::__concurrence_broadcast_error::~__concurrence_broadcast_error()
                0x0200a090                __gnu_cxx::__concurrence_broadcast_error::~__concurrence_broadcast_error()
 .text._ZN9__gnu_cxx29__concurrence_broadcast_errorD0Ev
                0x0200a0b4       0x30 /opt/devkitpro/devkitARM/bin/../lib/gcc/arm-none-eabi/14.2.0/../../../../arm-none-eabi/lib/libstdc++.a(guard.o)
                0x0200a0b4                __gnu_cxx::__concurrence_broadcast_error::~__concurrence_broadcast_error()
 .text.__cxa_guard_acquire
                0x0200a0e4      0x180 /opt/devkitpro/devkitARM/bin/../lib/gcc/arm-none-eabi/14.2.0/../../../../arm-none-eabi/lib/libstdc++.a(guard.o)
                0x0200a0e4                __cxa_guard_acquire
 .text.__cxa_guard_release
                0x0200a264       0xbc /opt/devkitpro/devkitARM/bin/../lib/gcc/arm-none-eabi/14.2.0/../../../../arm-none-eabi/lib/libstdc++.a(guard.o)
                0x0200a264                __cxa_guard_release
 .text._ZN9__gnu_cxx20recursive_init_errorD2Ev
                0x0200a320       0x24 /opt/devkitpro/devkitARM/bin/../lib/gcc/arm-none-eabi/14.2.0/../../../../arm-none-eabi/lib/libstdc++.a(guard_error.o)
                0x0200a320                __gnu_cxx::recursive_init_error::~recursive_init_error()
                0x0200a320                __gnu_cxx::recursive_init_error::~recursive_init_error()
 .text._ZN9__gnu_cxx20recursive_init_errorD0Ev
                0x0200a344       0x30 /opt/devkitpro/devkitARM/bin/../lib/gcc/arm-none-eabi/14.2.0/../../../../arm-none-eabi/lib/libstdc++.a(guard_error.o)
                0x0200a344                __gnu_cxx::recursive_init_error::~recursive_init_error()
 .text._ZN9__gnu_cxx20recursive_init_errorC2Ev
                0x0200a374       0x10 /opt/devkitpro/devkitARM/bin/../lib/gcc/arm-none-eabi/14.2.0/../../../../arm-none-eabi/lib/libstdc++.a(guard_error.o)
                0x0200a374                __gnu_cxx::recursive_init_error::recursive_init_error()
                0x0200a374                __gnu_cxx::recursive_init_error::recursive_init_error()
 *fill*         0x0200a384        0x4 ff
 .text.floor    0x0200a388      0x184 /opt/devkitpro/devkitARM/bin/../lib/gcc/arm-none-eabi/14.2.0/../../../../arm-none-eabi/lib/libm.a(libm_a-s_floor.o)
                0x0200a388                floor
 .text          0x0200a50c      0x198 /opt/devkitpro/devkitARM/bin/../lib/gcc/arm-none-eabi/14.2.0/libgcc.a(_arm_mulsf3.o)
                0x0200a50c                __mulsf3
                0x0200a50c                __aeabi_fmul
 .text          0x0200a6a4      0x114 /opt/devkitpro/devkitARM/bin/../lib/gcc/arm-none-eabi/14.2.0/libgcc.a(_udivsi3.o)
                0x0200a6a4                __udivsi3
                0x0200a6a4                __aeabi_uidiv
                0x0200a798                __aeabi_uidivmod
 .text          0x0200a7b8      0x148 /opt/devkitpro/devkitARM/bin/../lib/gcc/arm-none-eabi/14.2.0/libgcc.a(_divsi3.o)
                0x0200a7b8                __aeabi_idiv
                0x0200a7b8                __divsi3
                0x0200a8e0                __aeabi_idivmod
 .text          0x0200a900        0x4 /opt/devkitpro/devkitARM/bin/../lib/gcc/arm-none-eabi/14.2.0/libgcc.a(_dvmd_tls.o)
                0x0200a900                __aeabi_ldiv0
                0x0200a900                __aeabi_idiv0
 .text          0x0200a904      0x424 /opt/devkitpro/devkitARM/bin/../lib/gcc/arm-none-eabi/14.2.0/libgcc.a(_arm_addsubdf3.o)
                0x0200a904                __aeabi_drsub
                0x0200a90c                __subdf3
                0x0200a90c                __aeabi_dsub
                0x0200a910                __aeabi_dadd
                0x0200a910                __adddf3
                0x0200ac20                __aeabi_ui2d
                0x0200ac20                __floatunsidf
                0x0200ac44                __floatsidf
                0x0200ac44                __aeabi_i2d
                0x0200ac6c                __extendsfdf2
                0x0200ac6c                __aeabi_f2d
                0x0200acb4                __aeabi_ul2d
                0x0200acb4                __floatundidf
                0x0200acc8                __aeabi_l2d
                0x0200acc8                __floatdidf
 .text          0x0200ad28      0x49c /opt/devkitpro/devkitARM/bin/../lib/gcc/arm-none-eabi/14.2.0/libgcc.a(_arm_muldivdf3.o)
                0x0200ad28                __aeabi_dmul
                0x0200ad28                __muldf3
                0x0200afb8                __aeabi_ddiv
                0x0200afb8                __divdf3
 .text          0x0200b1c4      0x144 /opt/devkitpro/devkitARM/bin/../lib/gcc/arm-none-eabi/14.2.0/libgcc.a(_arm_cmpdf2.o)
                0x0200b1c4                __gedf2
                0x0200b1c4                __gtdf2
                0x0200b1cc                __ledf2
                0x0200b1cc                __ltdf2
                0x0200b1d4                __cmpdf2
                0x0200b1d4                __eqdf2
                0x0200b1d4                __nedf2
                0x0200b25c                __aeabi_cdrcmple
                0x0200b278                __aeabi_cdcmple
                0x0200b278                __aeabi_cdcmpeq
                0x0200b290                __aeabi_dcmpeq
                0x0200b2a8                __aeabi_dcmplt
                0x0200b2c0                __aeabi_dcmple
                0x0200b2d8                __aeabi_dcmpge
                0x0200b2f0                __aeabi_dcmpgt
 .text          0x0200b308       0x5c /opt/devkitpro/devkitARM/bin/../lib/gcc/arm-none-eabi/14.2.0/libgcc.a(_arm_fixdfsi.o)
                0x0200b308                __fixdfsi
                0x0200b308                __aeabi_d2iz
 .text          0x0200b364       0x54 /opt/devkitpro/devkitARM/bin/../lib/gcc/arm-none-eabi/14.2.0/libgcc.a(_arm_fixunsdfsi.o)
                0x0200b364                __fixunsdfsi
                0x0200b364                __aeabi_d2uiz
 .text          0x0200b3b8      0x2ac /opt/devkitpro/devkitARM/bin/../lib/gcc/arm-none-eabi/14.2.0/libgcc.a(_arm_addsubsf3.o)
                0x0200b3b8                __aeabi_frsub
                0x0200b3c0                __aeabi_fsub
                0x0200b3c0                __subsf3
                0x0200b3c4                __aeabi_fadd
                0x0200b3c4                __addsf3
                0x0200b580                __aeabi_ui2f
                0x0200b580                __floatunsisf
                0x0200b588                __floatsisf
                0x0200b588                __aeabi_i2f
                0x0200b5a8                __aeabi_ul2f
                0x0200b5a8                __floatundisf
                0x0200b5b8                __aeabi_l2f
                0x0200b5b8                __floatdisf
 .text          0x0200b664      0x114 /opt/devkitpro/devkitARM/bin/../lib/gcc/arm-none-eabi/14.2.0/libgcc.a(_arm_cmpsf2.o)
                0x0200b664                __gesf2
                0x0200b664                __gtsf2
                0x0200b66c                __ltsf2
                0x0200b66c                __lesf2
                0x0200b674                __nesf2
                0x0200b674                __eqsf2
                0x0200b674                __cmpsf2
                0x0200b6d8                __aeabi_cfrcmple
                0x0200b6e8                __aeabi_cfcmpeq
                0x0200b6e8                __aeabi_cfcmple
                0x0200b700                __aeabi_fcmpeq
                0x0200b718                __aeabi_fcmplt
                0x0200b730                __aeabi_fcmple
                0x0200b748                __aeabi_fcmpge
                0x0200b760                __aeabi_fcmpgt
 .text          0x0200b778       0x5c /opt/devkitpro/devkitARM/bin/../lib/gcc/arm-none-eabi/14.2.0/libgcc.a(_arm_fixsfsi.o)
                0x0200b778                __fixsfsi
                0x0200b778                __aeabi_f2iz
 .text          0x0200b7d4       0x3c /opt/devkitpro/devkitARM/bin/../lib/gcc/arm-none-eabi/14.2.0/libgcc.a(_aeabi_uldivmod.o)
                0x0200b7d4                __aeabi_uldivmod
 .text          0x0200b810        0x4 /opt/devkitpro/devkitARM/bin/../lib/gcc/arm-none-eabi/14.2.0/libgcc.a(_sync_none.o)
                0x0200b810                __sync_synchronize_none
 .text.__udivmoddi4
                0x0200b814      0x128 /opt/devkitpro/devkitARM/bin/../lib/gcc/arm-none-eabi/14.2.0/libgcc.a(_udivmoddi4.o)
                0x0200b814                __udivmoddi4
 .text.selfrel_offset31
                0x0200b93c       0x18 /opt/devkitpro/devkitARM/bin/../lib/gcc/arm-none-eabi/14.2.0/libgcc.a(unwind-arm.o)
 .text.search_EIT_table
                0x0200b954       0x98 /opt/devkitpro/devkitARM/bin/../lib/gcc/arm-none-eabi/14.2.0/libgcc.a(unwind-arm.o)
 .text.__gnu_unwind_get_pr_addr
                0x0200b9ec       0x40 /opt/devkitpro/devkitARM/bin/../lib/gcc/arm-none-eabi/14.2.0/libgcc.a(unwind-arm.o)
 .text.get_eit_entry
                0x0200ba2c      0x118 /opt/devkitpro/devkitARM/bin/../lib/gcc/arm-none-eabi/14.2.0/libgcc.a(unwind-arm.o)
 .text.restore_non_core_regs
                0x0200bb44       0x90 /opt/devkitpro/devkitARM/bin/../lib/gcc/arm-none-eabi/14.2.0/libgcc.a(unwind-arm.o)
 .text._Unwind_decode_typeinfo_ptr.constprop.0
                0x0200bbd4       0x14 /opt/devkitpro/devkitARM/bin/../lib/gcc/arm-none-eabi/14.2.0/libgcc.a(unwind-arm.o)
 .text._Unwind_DebugHook
                0x0200bbe8        0x4 /opt/devkitpro/devkitARM/bin/../lib/gcc/arm-none-eabi/14.2.0/libgcc.a(unwind-arm.o)
 .text.unwind_phase2
                0x0200bbec       0x68 /opt/devkitpro/devkitARM/bin/../lib/gcc/arm-none-eabi/14.2.0/libgcc.a(unwind-arm.o)
 .text.unwind_phase2_forced
                0x0200bc54      0x154 /opt/devkitpro/devkitARM/bin/../lib/gcc/arm-none-eabi/14.2.0/libgcc.a(unwind-arm.o)
 .text.__gnu_Unwind_RaiseException
                0x0200bda8       0xac /opt/devkitpro/devkitARM/bin/../lib/gcc/arm-none-eabi/14.2.0/libgcc.a(unwind-arm.o)
                0x0200bda8                __gnu_Unwind_RaiseException
 .text.__gnu_Unwind_ForcedUnwind
                0x0200be54       0x28 /opt/devkitpro/devkitARM/bin/../lib/gcc/arm-none-eabi/14.2.0/libgcc.a(unwind-arm.o)
                0x0200be54                __gnu_Unwind_ForcedUnwind
 .text.__gnu_Unwind_Resume
                0x0200be7c       0x78 /opt/devkitpro/devkitARM/bin/../lib/gcc/arm-none-eabi/14.2.0/libgcc.a(unwind-arm.o)
                0x0200be7c                __gnu_Unwind_Resume
 .text.__gnu_Unwind_Resume_or_Rethrow
                0x0200bef4       0x2c /opt/devkitpro/devkitARM/bin/../lib/gcc/arm-none-eabi/14.2.0/libgcc.a(unwind-arm.o)
                0x0200bef4                __gnu_Unwind_Resume_or_Rethrow
 .text._Unwind_Complete
                0x0200bf20        0x4 /opt/devkitpro/devkitARM/bin/../lib/gcc/arm-none-eabi/14.2.0/libgcc.a(unwind-arm.o)
                0x0200bf20                _Unwind_Complete
 .text._Unwind_DeleteException
                0x0200bf24       0x18 /opt/devkitpro/devkitARM/bin/../lib/gcc/arm-none-eabi/14.2.0/libgcc.a(unwind-arm.o)
                0x0200bf24                _Unwind_DeleteException
 .text._Unwind_VRS_Get
                0x0200bf3c       0x64 /opt/devkitpro/devkitARM/bin/../lib/gcc/arm-none-eabi/14.2.0/libgcc.a(unwind-arm.o)
                0x0200bf3c                _Unwind_VRS_Get
 .text._Unwind_GetGR
                0x0200bfa0       0x30 /opt/devkitpro/devkitARM/bin/../lib/gcc/arm-none-eabi/14.2.0/libgcc.a(unwind-arm.o)
 .text._Unwind_VRS_Set
                0x0200bfd0       0x64 /opt/devkitpro/devkitARM/bin/../lib/gcc/arm-none-eabi/14.2.0/libgcc.a(unwind-arm.o)
                0x0200bfd0                _Unwind_VRS_Set
 .text._Unwind_SetGR
                0x0200c034       0x30 /opt/devkitpro/devkitARM/bin/../lib/gcc/arm-none-eabi/14.2.0/libgcc.a(unwind-arm.o)
 .text.__gnu_Unwind_Backtrace
                0x0200c064       0xcc /opt/devkitpro/devkitARM/bin/../lib/gcc/arm-none-eabi/14.2.0/libgcc.a(unwind-arm.o)
                0x0200c064                __gnu_Unwind_Backtrace
 .text.__gnu_unwind_pr_common
                0x0200c130      0x41c /opt/devkitpro/devkitARM/bin/../lib/gcc/arm-none-eabi/14.2.0/libgcc.a(unwind-arm.o)
 .text.__aeabi_unwind_cpp_pr0
                0x0200c54c        0x8 /opt/devkitpro/devkitARM/bin/../lib/gcc/arm-none-eabi/14.2.0/libgcc.a(unwind-arm.o)
                0x0200c54c                __aeabi_unwind_cpp_pr0
 .text.__aeabi_unwind_cpp_pr1
                0x0200c554        0x8 /opt/devkitpro/devkitARM/bin/../lib/gcc/arm-none-eabi/14.2.0/libgcc.a(unwind-arm.o)
                0x0200c554                __aeabi_unwind_cpp_pr1
 .text.__aeabi_unwind_cpp_pr2
                0x0200c55c        0x8 /opt/devkitpro/devkitARM/bin/../lib/gcc/arm-none-eabi/14.2.0/libgcc.a(unwind-arm.o)
                0x0200c55c                __aeabi_unwind_cpp_pr2
 .text._Unwind_VRS_Pop
                0x0200c564      0x45c /opt/devkitpro/devkitARM/bin/../lib/gcc/arm-none-eabi/14.2.0/libgcc.a(unwind-arm.o)
                0x0200c564                _Unwind_VRS_Pop
 .text          0x0200c9c0      0x1b0 /opt/devkitpro/devkitARM/bin/../lib/gcc/arm-none-eabi/14.2.0/libgcc.a(libunwind.o)
                0x0200c9c0                __restore_core_regs
                0x0200c9c0                restore_core_regs
                0x0200c9dc                __gnu_Unwind_Restore_VFP
                0x0200c9e4                __gnu_Unwind_Save_VFP
                0x0200c9ec                __gnu_Unwind_Restore_VFP_D
                0x0200c9f4                __gnu_Unwind_Save_VFP_D
                0x0200c9fc                __gnu_Unwind_Restore_VFP_D_16_to_31
                0x0200ca04                __gnu_Unwind_Save_VFP_D_16_to_31
                0x0200ca0c                __gnu_Unwind_Restore_WMMXD
                0x0200ca50                __gnu_Unwind_Save_WMMXD
                0x0200ca94                __gnu_Unwind_Restore_WMMXC
                0x0200caa8                __gnu_Unwind_Save_WMMXC
                0x0200cabc                _Unwind_RaiseException
                0x0200cabc                ___Unwind_RaiseException
                0x0200cae0                ___Unwind_Resume
                0x0200cae0                _Unwind_Resume
                0x0200cb04                ___Unwind_Resume_or_Rethrow
                0x0200cb04                _Unwind_Resume_or_Rethrow
                0x0200cb28                _Unwind_ForcedUnwind
                0x0200cb28                ___Unwind_ForcedUnwind
                0x0200cb4c                _Unwind_Backtrace
                0x0200cb4c                ___Unwind_Backtrace
 .text.next_unwind_byte
                0x0200cb70       0x60 /opt/devkitpro/devkitARM/bin/../lib/gcc/arm-none-eabi/14.2.0/libgcc.a(pr-support.o)
 .text._Unwind_GetGR.constprop.0
                0x0200cbd0       0x30 /opt/devkitpro/devkitARM/bin/../lib/gcc/arm-none-eabi/14.2.0/libgcc.a(pr-support.o)
 .text.unwind_UCB_from_context
                0x0200cc00        0x4 /opt/devkitpro/devkitARM/bin/../lib/gcc/arm-none-eabi/14.2.0/libgcc.a(pr-support.o)
 .text.__gnu_unwind_execute
                0x0200cc04      0x46c /opt/devkitpro/devkitARM/bin/../lib/gcc/arm-none-eabi/14.2.0/libgcc.a(pr-support.o)
                0x0200cc04                __gnu_unwind_execute
 .text.__gnu_unwind_frame
                0x0200d070       0x4c /opt/devkitpro/devkitARM/bin/../lib/gcc/arm-none-eabi/14.2.0/libgcc.a(pr-support.o)
                0x0200d070                __gnu_unwind_frame
 .text._Unwind_GetRegionStart
                0x0200d0bc       0x14 /opt/devkitpro/devkitARM/bin/../lib/gcc/arm-none-eabi/14.2.0/libgcc.a(pr-support.o)
                0x0200d0bc                _Unwind_GetRegionStart
 .text._Unwind_GetLanguageSpecificData
                0x0200d0d0       0x20 /opt/devkitpro/devkitARM/bin/../lib/gcc/arm-none-eabi/14.2.0/libgcc.a(pr-support.o)
                0x0200d0d0                _Unwind_GetLanguageSpecificData
 .text          0x0200d0f0       0x28 /opt/devkitpro/devkitARM/bin/../lib/gcc/arm-none-eabi/14.2.0/libgcc.a(_clzdi2.o)
                0x0200d0f0                __clzdi2
 .text          0x0200d118       0x48 /opt/devkitpro/devkitARM/bin/../lib/gcc/arm-none-eabi/14.2.0/libgcc.a(_clzsi2.o)
                0x0200d118                __clzsi2
 .text.strchr   0x0200d160      0x13c /opt/devkitpro/devkitARM/bin/../lib/gcc/arm-none-eabi/14.2.0/../../../../arm-none-eabi/lib/libg.a(libc_a-strchr.o)
                0x0200d160                strchr
 .text.rand     0x0200d29c       0x48 /opt/devkitpro/devkitARM/bin/../lib/gcc/arm-none-eabi/14.2.0/../../../../arm-none-eabi/lib/libg.a(libc_a-rand.o)
                0x0200d29c                rand
 .text.getenv   0x0200d2e4       0x28 /opt/devkitpro/devkitARM/bin/../lib/gcc/arm-none-eabi/14.2.0/../../../../arm-none-eabi/lib/libg.a(libc_a-getenv.o)
                0x0200d2e4                getenv
 .text.strlen   0x0200d30c       0x60 /opt/devkitpro/devkitARM/bin/../lib/gcc/arm-none-eabi/14.2.0/../../../../arm-none-eabi/lib/libg.a(libc_a-strlen-stub.o)
                0x0200d30c                strlen
 .text.memmove  0x0200d36c      0x164 /opt/devkitpro/devkitARM/bin/../lib/gcc/arm-none-eabi/14.2.0/../../../../arm-none-eabi/lib/libg.a(libc_a-memmove.o)
                0x0200d36c                memmove
 .text.memchr   0x0200d4d0       0xe4 /opt/devkitpro/devkitARM/bin/../lib/gcc/arm-none-eabi/14.2.0/../../../../arm-none-eabi/lib/libg.a(libc_a-memchr-stub.o)
                0x0200d4d0                memchr
 .text.memcmp   0x0200d5b4       0xdc /opt/devkitpro/devkitARM/bin/../lib/gcc/arm-none-eabi/14.2.0/../../../../arm-none-eabi/lib/libg.a(libc_a-memcmp.o)
                0x0200d5b4                memcmp
 .text._strtoul_l.isra.0
                0x0200d690      0x1e8 /opt/devkitpro/devkitARM/bin/../lib/gcc/arm-none-eabi/14.2.0/../../../../arm-none-eabi/lib/libg.a(libc_a-strtoul.o)
 .text._strtoul_r
                0x0200d878       0x30 /opt/devkitpro/devkitARM/bin/../lib/gcc/arm-none-eabi/14.2.0/../../../../arm-none-eabi/lib/libg.a(libc_a-strtoul.o)
                0x0200d878                _strtoul_r
 .text.strtoul  0x0200d8a8       0x34 /opt/devkitpro/devkitARM/bin/../lib/gcc/arm-none-eabi/14.2.0/../../../../arm-none-eabi/lib/libg.a(libc_a-strtoul.o)
                0x0200d8a8                strtoul
 .text.calloc   0x0200d8dc       0x24 /opt/devkitpro/devkitARM/bin/../lib/gcc/arm-none-eabi/14.2.0/../../../../arm-none-eabi/lib/libg.a(libc_a-calloc.o)
                0x0200d8dc                calloc
 .text.siscanf  0x0200d900       0x78 /opt/devkitpro/devkitARM/bin/../lib/gcc/arm-none-eabi/14.2.0/../../../../arm-none-eabi/lib/libg.a(libc_a-siscanf.o)
                0x0200d900                siscanf
 .text.__sread  0x0200d978       0x4c /opt/devkitpro/devkitARM/bin/../lib/gcc/arm-none-eabi/14.2.0/../../../../arm-none-eabi/lib/libg.a(libc_a-stdio.o)
                0x0200d978                __sread
 .text.__seofread
                0x0200d9c4        0x8 /opt/devkitpro/devkitARM/bin/../lib/gcc/arm-none-eabi/14.2.0/../../../../arm-none-eabi/lib/libg.a(libc_a-stdio.o)
                0x0200d9c4                __seofread
 .text.__swrite
                0x0200d9cc       0x6c /opt/devkitpro/devkitARM/bin/../lib/gcc/arm-none-eabi/14.2.0/../../../../arm-none-eabi/lib/libg.a(libc_a-stdio.o)
                0x0200d9cc                __swrite
 .text.__sseek  0x0200da38       0x48 /opt/devkitpro/devkitARM/bin/../lib/gcc/arm-none-eabi/14.2.0/../../../../arm-none-eabi/lib/libg.a(libc_a-stdio.o)
                0x0200da38                __sseek
 .text.__sclose
                0x0200da80       0x14 /opt/devkitpro/devkitARM/bin/../lib/gcc/arm-none-eabi/14.2.0/../../../../arm-none-eabi/lib/libg.a(libc_a-stdio.o)
                0x0200da80                __sclose
 .text.abort    0x0200da94       0x14 /opt/devkitpro/devkitARM/bin/../lib/gcc/arm-none-eabi/14.2.0/../../../../arm-none-eabi/lib/libg.a(libc_a-abort.o)
                0x0200da94                abort
 .text._calloc_r
                0x0200daa8       0xd0 /opt/devkitpro/devkitARM/bin/../lib/gcc/arm-none-eabi/14.2.0/../../../../arm-none-eabi/lib/libg.a(libc_a-callocr.o)
                0x0200daa8                _calloc_r
 .text.realloc  0x0200db78       0x24 /opt/devkitpro/devkitARM/bin/../lib/gcc/arm-none-eabi/14.2.0/../../../../arm-none-eabi/lib/libg.a(libc_a-realloc.o)
                0x0200db78                realloc
 .text._malloc_r
                0x0200db9c      0x7c8 /opt/devkitpro/devkitARM/bin/../lib/gcc/arm-none-eabi/14.2.0/../../../../arm-none-eabi/lib/libg.a(libc_a-mallocr.o)
                0x0200db9c                _malloc_r
 .text._malloc_trim_r
                0x0200e364      0x100 /opt/devkitpro/devkitARM/bin/../lib/gcc/arm-none-eabi/14.2.0/../../../../arm-none-eabi/lib/libg.a(libc_a-freer.o)
                0x0200e364                _malloc_trim_r
 .text._free_r  0x0200e464      0x2e8 /opt/devkitpro/devkitARM/bin/../lib/gcc/arm-none-eabi/14.2.0/../../../../arm-none-eabi/lib/libg.a(libc_a-freer.o)
                0x0200e464                _free_r
 .text.setvbuf  0x0200e74c      0x298 /opt/devkitpro/devkitARM/bin/../lib/gcc/arm-none-eabi/14.2.0/../../../../arm-none-eabi/lib/libg.a(libc_a-setvbuf.o)
                0x0200e74c                setvbuf
 .text.malloc   0x0200e9e4       0x3c /opt/devkitpro/devkitARM/bin/../lib/gcc/arm-none-eabi/14.2.0/../../../../arm-none-eabi/lib/libg.a(libc_a-malloc.o)
                0x0200e9e4                malloc
 .text.free     0x0200ea20       0x1c /opt/devkitpro/devkitARM/bin/../lib/gcc/arm-none-eabi/14.2.0/../../../../arm-none-eabi/lib/libg.a(libc_a-malloc.o)
                0x0200ea20                free
 .text.memcpy   0x0200ea3c      0x130 /opt/devkitpro/devkitARM/bin/../lib/gcc/arm-none-eabi/14.2.0/../../../../arm-none-eabi/lib/libg.a(libc_a-memcpy-stub.o)
                0x0200ea3c                memcpy
 .text.printf   0x0200eb6c       0x34 /opt/devkitpro/devkitARM/bin/../lib/gcc/arm-none-eabi/14.2.0/../../../../arm-none-eabi/lib/libg.a(libc_a-printf.o)
                0x0200eb6c                printf
 .text._puts_r  0x0200eba0       0xe4 /opt/devkitpro/devkitARM/bin/../lib/gcc/arm-none-eabi/14.2.0/../../../../arm-none-eabi/lib/libg.a(libc_a-puts.o)
                0x0200eba0                _puts_r
 .text.puts     0x0200ec84       0x18 /opt/devkitpro/devkitARM/bin/../lib/gcc/arm-none-eabi/14.2.0/../../../../arm-none-eabi/lib/libg.a(libc_a-puts.o)
                0x0200ec84                puts
 .text._findenv_r
                0x0200ec9c       0xd0 /opt/devkitpro/devkitARM/bin/../lib/gcc/arm-none-eabi/14.2.0/../../../../arm-none-eabi/lib/libg.a(libc_a-getenv_r.o)
                0x0200ec9c                _findenv_r
 .text.memset   0x0200ed6c      0x100 /opt/devkitpro/devkitARM/bin/../lib/gcc/arm-none-eabi/14.2.0/../../../../arm-none-eabi/lib/libg.a(libc_a-memset.o)
                0x0200ed6c                memset
 .text._realloc_r
                0x0200ee6c      0x4c0 /opt/devkitpro/devkitARM/bin/../lib/gcc/arm-none-eabi/14.2.0/../../../../arm-none-eabi/lib/libg.a(libc_a-reallocr.o)
                0x0200ee6c                _realloc_r
 .text.__malloc_lock
                0x0200f32c       0x18 /opt/devkitpro/devkitARM/bin/../lib/gcc/arm-none-eabi/14.2.0/../../../../arm-none-eabi/lib/libg.a(libc_a-mlock.o)
                0x0200f32c                __malloc_lock
 .text.__malloc_unlock
                0x0200f344       0x18 /opt/devkitpro/devkitARM/bin/../lib/gcc/arm-none-eabi/14.2.0/../../../../arm-none-eabi/lib/libg.a(libc_a-mlock.o)
                0x0200f344                __malloc_unlock
 .text.__call_exitprocs
                0x0200f35c       0x10 /opt/devkitpro/devkitARM/bin/../lib/gcc/arm-none-eabi/14.2.0/../../../../arm-none-eabi/lib/libg.a(libc_a-exit.o)
                0x0200f35c                __call_exitprocs
 .text          0x0200f36c      0x224 /opt/devkitpro/devkitARM/bin/../lib/gcc/arm-none-eabi/14.2.0/../../../../arm-none-eabi/lib/libg.a(libc_a-strcmp.o)
                0x0200f36c                strcmp
 .text.iprintf  0x0200f590       0x34 /opt/devkitpro/devkitARM/bin/../lib/gcc/arm-none-eabi/14.2.0/../../../../arm-none-eabi/lib/libg.a(libc_a-iprintf.o)
                0x0200f590                iprintf
 .text.__libc_init_array
                0x0200f5c4       0x90 /opt/devkitpro/devkitARM/bin/../lib/gcc/arm-none-eabi/14.2.0/../../../../arm-none-eabi/lib/libg.a(libc_a-init.o)
                0x0200f5c4                __libc_init_array
 .text.__sflush_r
                0x0200f654      0x244 /opt/devkitpro/devkitARM/bin/../lib/gcc/arm-none-eabi/14.2.0/../../../../arm-none-eabi/lib/libg.a(libc_a-fflush.o)
                0x0200f654                __sflush_r
 .text._fflush_r
                0x0200f898       0x9c /opt/devkitpro/devkitARM/bin/../lib/gcc/arm-none-eabi/14.2.0/../../../../arm-none-eabi/lib/libg.a(libc_a-fflush.o)
                0x0200f898                _fflush_r
 .text.strncmp  0x0200f934       0xe0 /opt/devkitpro/devkitARM/bin/../lib/gcc/arm-none-eabi/14.2.0/../../../../arm-none-eabi/lib/libg.a(libc_a-strncmp.o)
                0x0200f934                strncmp
 .text._raise_r
                0x0200fa14       0x94 /opt/devkitpro/devkitARM/bin/../lib/gcc/arm-none-eabi/14.2.0/../../../../arm-none-eabi/lib/libg.a(libc_a-signal.o)
                0x0200fa14                _raise_r
 .text.raise    0x0200faa8       0x18 /opt/devkitpro/devkitARM/bin/../lib/gcc/arm-none-eabi/14.2.0/../../../../arm-none-eabi/lib/libg.a(libc_a-signal.o)
                0x0200faa8                raise
 .text.__env_lock
                0x0200fac0       0x18 /opt/devkitpro/devkitARM/bin/../lib/gcc/arm-none-eabi/14.2.0/../../../../arm-none-eabi/lib/libg.a(libc_a-envlock.o)
                0x0200fac0                __env_lock
 .text.__env_unlock
                0x0200fad8       0x18 /opt/devkitpro/devkitARM/bin/../lib/gcc/arm-none-eabi/14.2.0/../../../../arm-none-eabi/lib/libg.a(libc_a-envlock.o)
                0x0200fad8                __env_unlock
 .text.__sfvwrite_r
                0x0200faf0      0x490 /opt/devkitpro/devkitARM/bin/../lib/gcc/arm-none-eabi/14.2.0/../../../../arm-none-eabi/lib/libg.a(libc_a-fvwrite.o)
                0x0200faf0                __sfvwrite_r
 .text.get_arg  0x0200ff80      0x5ec /opt/devkitpro/devkitARM/bin/../lib/gcc/arm-none-eabi/14.2.0/../../../../arm-none-eabi/lib/libg.a(libc_a-vfiprintf.o)
 .text._vfiprintf_r
                0x0201056c     0x229c /opt/devkitpro/devkitARM/bin/../lib/gcc/arm-none-eabi/14.2.0/../../../../arm-none-eabi/lib/libg.a(libc_a-vfiprintf.o)
                0x0201056c                _vfiprintf_r
 .text.__sbprintf
                0x02012808       0xbc /opt/devkitpro/devkitARM/bin/../lib/gcc/arm-none-eabi/14.2.0/../../../../arm-none-eabi/lib/libg.a(libc_a-vfiprintf.o)
 .text._memalign_r
                0x020128c4      0x168 /opt/devkitpro/devkitARM/bin/../lib/gcc/arm-none-eabi/14.2.0/../../../../arm-none-eabi/lib/libg.a(libc_a-malignr.o)
                0x020128c4                _memalign_r
 .text.get_arg  0x02012a2c       0x54 /opt/devkitpro/devkitARM/bin/../lib/gcc/arm-none-eabi/14.2.0/../../../../arm-none-eabi/lib/libg.a(libc_a-svfiscanf.o)
 .text._sungetc_r
                0x02012a80       0xe4 /opt/devkitpro/devkitARM/bin/../lib/gcc/arm-none-eabi/14.2.0/../../../../arm-none-eabi/lib/libg.a(libc_a-svfiscanf.o)
                0x02012a80                _sungetc_r
 .text.__ssrefill_r
                0x02012b64       0x68 /opt/devkitpro/devkitARM/bin/../lib/gcc/arm-none-eabi/14.2.0/../../../../arm-none-eabi/lib/libg.a(libc_a-svfiscanf.o)
                0x02012b64                __ssrefill_r
 .text._sfread_r
                0x02012bcc       0xc8 /opt/devkitpro/devkitARM/bin/../lib/gcc/arm-none-eabi/14.2.0/../../../../arm-none-eabi/lib/libg.a(libc_a-svfiscanf.o)
                0x02012bcc                _sfread_r
 .text.__ssvfiscanf_r
                0x02012c94     0x22a8 /opt/devkitpro/devkitARM/bin/../lib/gcc/arm-none-eabi/14.2.0/../../../../arm-none-eabi/lib/libg.a(libc_a-svfiscanf.o)
                0x02012c94                __ssvfiscanf_r
 .text.__libc_fini_array
                0x02014f3c       0x44 /opt/devkitpro/devkitARM/bin/../lib/gcc/arm-none-eabi/14.2.0/../../../../arm-none-eabi/lib/libg.a(libc_a-fini.o)
                0x02014f3c                __libc_fini_array
 .text.__sprint_r
                0x02014f80       0x34 /opt/devkitpro/devkitARM/bin/../lib/gcc/arm-none-eabi/14.2.0/../../../../arm-none-eabi/lib/libg.a(libc_a-sprint_r.o)
                0x02014f80                __sprint_r
 .text.iswspace
                0x02014fb4       0x14 /opt/devkitpro/devkitARM/bin/../lib/gcc/arm-none-eabi/14.2.0/../../../../arm-none-eabi/lib/libg.a(libc_a-iswspace.o)
                0x02014fb4                iswspace
 .text.__sccl   0x02014fc8       0xe4 /opt/devkitpro/devkitARM/bin/../lib/gcc/arm-none-eabi/14.2.0/../../../../arm-none-eabi/lib/libg.a(libc_a-sccl.o)
                0x02014fc8                __sccl
 .text._localeconv_r
                0x020150ac       0x28 /opt/devkitpro/devkitARM/bin/../lib/gcc/arm-none-eabi/14.2.0/../../../../arm-none-eabi/lib/libg.a(libc_a-localeconv.o)
                0x020150ac                _localeconv_r
 .text.get_arg  0x020150d4      0x5ec /opt/devkitpro/devkitARM/bin/../lib/gcc/arm-none-eabi/14.2.0/../../../../arm-none-eabi/lib/libg.a(libc_a-vfprintf.o)
 .text._vfprintf_r
                0x020156c0     0x35c4 /opt/devkitpro/devkitARM/bin/../lib/gcc/arm-none-eabi/14.2.0/../../../../arm-none-eabi/lib/libg.a(libc_a-vfprintf.o)
                0x020156c0                _vfprintf_r
 .text.__sbprintf
                0x02018c84       0xbc /opt/devkitpro/devkitARM/bin/../lib/gcc/arm-none-eabi/14.2.0/../../../../arm-none-eabi/lib/libg.a(libc_a-vfprintf.o)
 .text.__smakebuf_r
                0x02018d40      0x14c /opt/devkitpro/devkitARM/bin/../lib/gcc/arm-none-eabi/14.2.0/../../../../arm-none-eabi/lib/libg.a(libc_a-makebuf.o)
                0x02018d40                __smakebuf_r
 .text.__swhatbuf_r
                0x02018e8c       0x80 /opt/devkitpro/devkitARM/bin/../lib/gcc/arm-none-eabi/14.2.0/../../../../arm-none-eabi/lib/libg.a(libc_a-makebuf.o)
                0x02018e8c                __swhatbuf_r
 .text.stdio_exit_handler
                0x02018f0c       0x28 /opt/devkitpro/devkitARM/bin/../lib/gcc/arm-none-eabi/14.2.0/../../../../arm-none-eabi/lib/libg.a(libc_a-findfp.o)
 .text.cleanup_stdio
                0x02018f34       0x54 /opt/devkitpro/devkitARM/bin/../lib/gcc/arm-none-eabi/14.2.0/../../../../arm-none-eabi/lib/libg.a(libc_a-findfp.o)
 .text.global_stdio_init.part.0
                0x02018f88      0x158 /opt/devkitpro/devkitARM/bin/../lib/gcc/arm-none-eabi/14.2.0/../../../../arm-none-eabi/lib/libg.a(libc_a-findfp.o)
 .text.__sinit  0x020190e0       0x64 /opt/devkitpro/devkitARM/bin/../lib/gcc/arm-none-eabi/14.2.0/../../../../arm-none-eabi/lib/libg.a(libc_a-findfp.o)
                0x020190e0                __sinit
 .text.__sfp_lock_acquire
                0x02019144       0x18 /opt/devkitpro/devkitARM/bin/../lib/gcc/arm-none-eabi/14.2.0/../../../../arm-none-eabi/lib/libg.a(libc_a-findfp.o)
                0x02019144                __sfp_lock_acquire
 .text.__sfp_lock_release
                0x0201915c       0x18 /opt/devkitpro/devkitARM/bin/../lib/gcc/arm-none-eabi/14.2.0/../../../../arm-none-eabi/lib/libg.a(libc_a-findfp.o)